Component: ARM Compiler 5.06 update 7 (build 960) Tool: armlink [4d3601]

==============================================================================

Section Cross References

    startup_stm32g070xx.o(RESET) refers to startup_stm32g070xx.o(STACK) for __initial_sp
    startup_stm32g070xx.o(RESET) refers to startup_stm32g070xx.o(.text) for Reset_Handler
    startup_stm32g070xx.o(RESET) refers to stm32g0xx_it.o(i.NMI_Handler) for NMI_Handler
    startup_stm32g070xx.o(RESET) refers to stm32g0xx_it.o(i.HardFault_Handler) for HardFault_Handler
    startup_stm32g070xx.o(RESET) refers to stm32g0xx_it.o(i.SVC_Handler) for SVC_Handler
    startup_stm32g070xx.o(RESET) refers to stm32g0xx_it.o(i.PendSV_Handler) for PendSV_Handler
    startup_stm32g070xx.o(RESET) refers to stm32g0xx_it.o(i.SysTick_Handler) for SysTick_Handler
    startup_stm32g070xx.o(RESET) refers to stm32g0xx_it.o(i.DMA1_Channel1_IRQHandler) for DMA1_Channel1_IRQHandler
    startup_stm32g070xx.o(RESET) refers to stm32g0xx_it.o(i.TIM3_IRQHandler) for TIM3_IRQHandler
    startup_stm32g070xx.o(.text) refers to system_stm32g0xx.o(i.SystemInit) for SystemInit
    startup_stm32g070xx.o(.text) refers to entry.o(.ARM.Collect$$$$00000000) for __main
    rms.o(i.Calibaration) refers to rms.o(i.Scaling_Calculations) for Scaling_Calculations
    rms.o(i.Calibaration) refers to main.o(.data) for acc_data_ready
    rms.o(i.Read_Eeprom_Data) refers to pt24xx.o(i.PT24xx_read) for PT24xx_read
    rms.o(i.Read_Eeprom_Data) refers to fscalb.o(.text) for __ARM_scalbnf
    rms.o(i.Read_Eeprom_Data) refers to fmul.o(.text) for __aeabi_fmul
    rms.o(i.Read_Eeprom_Data) refers to rms.o(.bss) for .bss
    rms.o(i.Rms_Calculations) refers to memseta.o(.text) for __aeabi_memclr4
    rms.o(i.Rms_Calculations) refers to f2d.o(.text) for __aeabi_f2d
    rms.o(i.Rms_Calculations) refers to dfltui.o(.text) for __aeabi_ui2d
    rms.o(i.Rms_Calculations) refers to sqrt.o(i.sqrt) for sqrt
    rms.o(i.Rms_Calculations) refers to dmul.o(.text) for __aeabi_dmul
    rms.o(i.Rms_Calculations) refers to d2f.o(.text) for __aeabi_d2f
    rms.o(i.Rms_Calculations) refers to fmul.o(.text) for __aeabi_fmul
    rms.o(i.Rms_Calculations) refers to fdiv.o(.text) for __aeabi_fdiv
    rms.o(i.Rms_Calculations) refers to fflti.o(.text) for __aeabi_i2f
    rms.o(i.Rms_Calculations) refers to fadd.o(.text) for __aeabi_fadd
    rms.o(i.Rms_Calculations) refers to pt24xx.o(i.PT24xx_write) for PT24xx_write
    rms.o(i.Rms_Calculations) refers to rms.o(.bss) for .bss
    rms.o(i.Rms_Calculations) refers to rms.o(.data) for .data
    rms.o(i.Scaling_Calculations) refers to dfltui.o(.text) for __aeabi_ui2d
    rms.o(i.Scaling_Calculations) refers to sqrt.o(i.sqrt) for sqrt
    rms.o(i.Scaling_Calculations) refers to d2f.o(.text) for __aeabi_d2f
    rms.o(i.Scaling_Calculations) refers to fdiv.o(.text) for __aeabi_fdiv
    rms.o(i.Scaling_Calculations) refers to fscalb.o(.text) for __ARM_scalbnf
    rms.o(i.Scaling_Calculations) refers to fmul.o(.text) for __aeabi_fmul
    rms.o(i.Scaling_Calculations) refers to pt24xx.o(i.PT24xx_write) for PT24xx_write
    rms.o(i.Scaling_Calculations) refers to rms.o(.bss) for .bss
    rms.o(i._ProcessFrequencyCalculation) refers to fadd.o(.text) for __aeabi_fadd
    rms.o(i._ProcessFrequencyCalculation) refers to fflti.o(.text) for __aeabi_i2f
    rms.o(i._ProcessFrequencyCalculation) refers to fdiv.o(.text) for __aeabi_fdiv
    rms.o(i._ProcessFrequencyCalculation) refers to rms.o(.data) for .data
    rms.o(i._ProcessFrequencyCalculation) refers to rms.o(.bss) for .bss
    rms.o(i.current_select_line) refers to rms.o(.data) for .data
    pt24xx.o(i.PT24xx_init) refers to pt24xx.o(.data) for .data
    pt24xx.o(i.PT24xx_read) refers to stm32g0xx_hal_i2c.o(i.HAL_I2C_Mem_Read) for HAL_I2C_Mem_Read
    pt24xx.o(i.PT24xx_read) refers to stm32g0xx_hal.o(i.HAL_Delay) for HAL_Delay
    pt24xx.o(i.PT24xx_read) refers to pt24xx.o(.data) for .data
    pt24xx.o(i.PT24xx_write) refers to stm32g0xx_hal_i2c.o(i.HAL_I2C_Mem_Write) for HAL_I2C_Mem_Write
    pt24xx.o(i.PT24xx_write) refers to stm32g0xx_hal.o(i.HAL_Delay) for HAL_Delay
    pt24xx.o(i.PT24xx_write) refers to pt24xx.o(.data) for .data
    motor_protection.o(i.FULL_LOAD_CURRENT) refers to idiv.o(.text) for __aeabi_idivmod
    motor_protection.o(i.FULL_LOAD_CURRENT) refers to setup.o(.bss) for meter_setup
    motor_protection.o(i.NOMINAL_VOLTAGE) refers to idiv.o(.text) for __aeabi_idivmod
    motor_protection.o(i.NOMINAL_VOLTAGE) refers to setup.o(.bss) for meter_setup
    motor_protection.o(i.alarmRelay) refers to setup.o(i.extact_data) for extact_data
    motor_protection.o(i.alarmRelay) refers to uidiv.o(.text) for __aeabi_uidivmod
    motor_protection.o(i.alarmRelay) refers to motor_protection.o(i.motor_alarm_relay) for motor_alarm_relay
    motor_protection.o(i.alarmRelay) refers to motor_protection.o(.data) for .data
    motor_protection.o(i.alarmRelay) refers to setup.o(.bss) for meter_setup
[...]
    ../fplib/microlib/fpscalb.c              0x00000000   Number         0  fscalb.o ABSOLUTE
    ../fplib/microlib/fpsqrt.c               0x00000000   Number         0  dsqrt.o ABSOLUTE
    ../mathlib/sqrt.c                        0x00000000   Number         0  sqrt.o ABSOLUTE
    ../mathlib/sqrt.c                        0x00000000   Number         0  sqrt_x.o ABSOLUTE
    ..\Core\Core\button.c                    0x00000000   Number         0  button.o ABSOLUTE
    ..\Core\Core\motor_protection.c          0x00000000   Number         0  motor_protection.o ABSOLUTE
    ..\Core\Core\rms.c                       0x00000000   Number         0  rms.o ABSOLUTE
    ..\Core\Src\main.c                       0x00000000   Number         0  main.o ABSOLUTE
    ..\Core\Src\stm32g0xx_hal_msp.c          0x00000000   Number         0  stm32g0xx_hal_msp.o ABSOLUTE
    ..\Core\Src\stm32g0xx_it.c               0x00000000   Number         0  stm32g0xx_it.o ABSOLUTE
    ..\Core\Src\system_stm32g0xx.c           0x00000000   Number         0  system_stm32g0xx.o ABSOLUTE
    ..\Core\Store\pt24xx.c                   0x00000000   Number         0  pt24xx.o ABSOLUTE
    ..\Core\setup\setup.c                    0x00000000   Number         0  setup.o ABSOLUTE
    ..\Drivers\STM32G0xx_HAL_Driver\Src\stm32g0xx_hal.c 0x00000000   Number         0  stm32g0xx_hal.o ABSOLUTE
    ..\Drivers\STM32G0xx_HAL_Driver\Src\stm32g0xx_hal_adc.c 0x00000000   Number         0  stm32g0xx_hal_adc.o ABSOLUTE
    ..\Drivers\STM32G0xx_HAL_Driver\Src\stm32g0xx_hal_adc_ex.c 0x00000000   Number         0  stm32g0xx_hal_adc_ex.o ABSOLUTE
    ..\Drivers\STM32G0xx_HAL_Driver\Src\stm32g0xx_hal_cortex.c 0x00000000   Number         0  stm32g0xx_hal_cortex.o ABSOLUTE
    ..\Drivers\STM32G0xx_HAL_Driver\Src\stm32g0xx_hal_dma.c 0x00000000   Number         0  stm32g0xx_hal_dma.o ABSOLUTE
    ..\Drivers\STM32G0xx_HAL_Driver\Src\stm32g0xx_hal_dma_ex.c 0x00000000   Number         0  stm32g0xx_hal_dma_ex.o ABSOLUTE
    ..\Drivers\STM32G0xx_HAL_Driver\Src\stm32g0xx_hal_exti.c 0x00000000   Number         0  stm32g0xx_hal_exti.o ABSOLUTE
    ..\Drivers\STM32G0xx_HAL_Driver\Src\stm32g0xx_hal_flash.c 0x00000000   Number         0  stm32g0xx_hal_flash.o ABSOLUTE
    ..\Drivers\STM32G0xx_HAL_Driver\Src\stm32g0xx_hal_flash_ex.c 0x00000000   Number         0  stm32g0xx_hal_flash_ex.o ABSOLUTE
    ..\Drivers\STM32G0xx_HAL_Driver\Src\stm32g0xx_hal_gpio.c 0x00000000   Number         0  stm32g0xx_hal_gpio.o ABSOLUTE
    ..\Drivers\STM32G0xx_HAL_Driver\Src\stm32g0xx_hal_i2c.c 0x00000000   Number         0  stm32g0xx_hal_i2c.o ABSOLUTE
    ..\Drivers\STM32G0xx_HAL_Driver\Src\stm32g0xx_hal_i2c_ex.c 0x00000000   Number         0  stm32g0xx_hal_i2c_ex.o ABSOLUTE
    ..\Drivers\STM32G0xx_HAL_Driver\Src\stm32g0xx_hal_pwr.c 0x00000000   Number         0  stm32g0xx_hal_pwr.o ABSOLUTE
    ..\Drivers\STM32G0xx_HAL_Driver\Src\stm32g0xx_hal_pwr_ex.c 0x00000000   Number         0  stm32g0xx_hal_pwr_ex.o ABSOLUTE
    ..\Drivers\STM32G0xx_HAL_Driver\Src\stm32g0xx_hal_rcc.c 0x00000000   Number         0  stm32g0xx_hal_rcc.o ABSOLUTE
    ..\Drivers\STM32G0xx_HAL_Driver\Src\stm32g0xx_hal_rcc_ex.c 0x00000000   Number         0  stm32g0xx_hal_rcc_ex.o ABSOLUTE
    ..\Drivers\STM32G0xx_HAL_Driver\Src\stm32g0xx_hal_rtc.c 0x00000000   Number         0  stm32g0xx_hal_rtc.o ABSOLUTE
    ..\Drivers\STM32G0xx_HAL_Driver\Src\stm32g0xx_hal_rtc_ex.c 0x00000000   Number         0  stm32g0xx_hal_rtc_ex.o ABSOLUTE
    ..\Drivers\STM32G0xx_HAL_Driver\Src\stm32g0xx_hal_tim.c 0x00000000   Number         0  stm32g0xx_hal_tim.o ABSOLUTE
    ..\Drivers\STM32G0xx_HAL_Driver\Src\stm32g0xx_hal_tim_ex.c 0x00000000   Number         0  stm32g0xx_hal_tim_ex.o ABSOLUTE
    ..\Drivers\STM32G0xx_HAL_Driver\Src\stm32g0xx_hal_uart.c 0x00000000   Number         0  stm32g0xx_hal_uart.o ABSOLUTE
    ..\Drivers\STM32G0xx_HAL_Driver\Src\stm32g0xx_hal_uart_ex.c 0x00000000   Number         0  stm32g0xx_hal_uart_ex.o ABSOLUTE
    ..\\Core\\Core\\button.c                 0x00000000   Number         0  button.o ABSOLUTE
    ..\\Core\\Core\\motor_protection.c       0x00000000   Number         0  motor_protection.o ABSOLUTE
    ..\\Core\\Core\\rms.c                    0x00000000   Number         0  rms.o ABSOLUTE
    ..\\Core\\Store\\pt24xx.c                0x00000000   Number         0  pt24xx.o ABSOLUTE
    ..\\Core\\setup\\setup.c                 0x00000000   Number         0  setup.o ABSOLUTE
    cdcmple.s                                0x00000000   Number         0  cdcmple.o ABSOLUTE
    cfcmple.s                                0x00000000   Number         0  cfcmple.o ABSOLUTE
    cfrcmple.s                               0x00000000   Number         0  cfrcmple.o ABSOLUTE
    dc.s                                     0x00000000   Number         0  dc.o ABSOLUTE
    handlers.s                               0x00000000   Number         0  handlers.o ABSOLUTE
    init.s                                   0x00000000   Number         0  init.o ABSOLUTE
    startup_stm32g070xx.s                    0x00000000   Number         0  startup_stm32g070xx.o ABSOLUTE
    RESET                                    0x08000000   Section      184  startup_stm32g070xx.o(RESET)
    .ARM.Collect$$$$00000000                 0x080000b8   Section        0  entry.o(.ARM.Collect$$$$00000000)
    .ARM.Collect$$$$00000001                 0x080000b8   Section        4  entry2.o(.ARM.Collect$$$$00000001)
    .ARM.Collect$$$$00000004                 0x080000bc   Section        4  entry5.o(.ARM.Collect$$$$00000004)
    .ARM.Collect$$$$00000008                 0x080000c0   Section        0  entry7b.o(.ARM.Collect$$$$00000008)
    .ARM.Collect$$$$0000000A                 0x080000c0   Section        0  entry8b.o(.ARM.Collect$$$$0000000A)
    .ARM.Collect$$$$0000000B                 0x080000c0   Section        8  entry9a.o(.ARM.Collect$$$$0000000B)
    .ARM.Collect$$$$0000000E                 0x080000c8   Section        4  entry12b.o(.ARM.Collect$$$$0000000E)
    .ARM.Collect$$$$0000000F                 0x080000cc   Section        0  entry10a.o(.ARM.Collect$$$$0000000F)
    .ARM.Collect$$$$00000011                 0x080000cc   Section        0  entry11a.o(.ARM.Collect$$$$00000011)
    .ARM.Collect$$$$00002712                 0x080000cc   Section        4  entry2.o(.ARM.Collect$$$$00002712)
    __lit__00000000                          0x080000cc   Data           4  entry2.o(.ARM.Collect$$$$00002712)
    .text                                    0x080000d0   Section       28  startup_stm32g070xx.o(.text)
    .text                                    0x080000ec   Section        0  uidiv.o(.text)
    .text                                    0x08000118   Section        0  idiv.o(.text)
    .text                                    0x08000140   Section        0  memseta.o(.text)
    .text                                    0x08000164   Section        0  fadd.o(.text)
    .text                                    0x08000216   Section        0  fmul.o(.text)
    .text                                    0x08000290   Section        0  fdiv.o(.text)
    .text                                    0x0800030c   Section        0  fscalb.o(.text)
    .text                                    0x08000324   Section        0  dmul.o(.text)
    .text                                    0x080003f4   Section        0  fflti.o(.text)
    .text                                    0x0800040a   Section        0  ffltui.o(.text)
    .text                                    0x08000418   Section        0  dfltui.o(.text)
    .text                                    0x08000434   Section        0  ffixi.o(.text)
    .text                                    0x08000466   Section        0  ffixui.o(.text)
    .text                                    0x0800048e   Section        0  f2d.o(.text)
    .text                                    0x080004b6   Section        0  d2f.o(.text)
    .text                                    0x080004f0   Section       20  cfcmple.o(.text)
    .text                                    0x08000504   Section       20  cfrcmple.o(.text)
    .text                                    0x08000518   Section        0  iusefp.o(.text)
    .text                                    0x08000518   Section        0  fepilogue.o(.text)
    .text                                    0x0800059a   Section        0  depilogue.o(.text)
    .text                                    0x08000658   Section        0  dsqrt.o(.text)
    .text                                    0x080006fc   Section       36  init.o(.text)
    .text                                    0x08000720   Section        0  llshl.o(.text)
    .text                                    0x08000740   Section        0  llushr.o(.text)
    i.ADC_DMAConvCplt                        0x08000762   Section        0  stm32g0xx_hal_adc.o(i.ADC_DMAConvCplt)
    ADC_DMAConvCplt                          0x08000763   Thumb Code   126  stm32g0xx_hal_adc.o(i.ADC_DMAConvCplt)
    i.ADC_DMAError                           0x080007e0   Section        0  stm32g0xx_hal_adc.o(i.ADC_DMAError)
    ADC_DMAError                             0x080007e1   Thumb Code    26  stm32g0xx_hal_adc.o(i.ADC_DMAError)
    i.ADC_DMAHalfConvCplt                    0x080007fa   Section        0  stm32g0xx_hal_adc.o(i.ADC_DMAHalfConvCplt)
    ADC_DMAHalfConvCplt                      0x080007fb   Thumb Code    10  stm32g0xx_hal_adc.o(i.ADC_DMAHalfConvCplt)
    i.ADC_Enable                             0x08000804   Section        0  stm32g0xx_hal_adc.o(i.ADC_Enable)
    i.Adc_Sample_Calculations                0x0800088c   Section        0  rms.o(i.Adc_Sample_Calculations)
    i.DMA1_Channel1_IRQHandler               0x08000a18   Section        0  stm32g0xx_it.o(i.DMA1_Channel1_IRQHandler)
    i.DMA_CalcDMAMUXChannelBaseAndMask       0x08000a28   Section        0  stm32g0xx_hal_dma.o(i.DMA_CalcDMAMUXChannelBaseAndMask)
    DMA_CalcDMAMUXChannelBaseAndMask         0x08000a29   Thumb Code    44  stm32g0xx_hal_dma.o(i.DMA_CalcDMAMUXChannelBaseAndMask)
    i.DMA_CalcDMAMUXRequestGenBaseAndMask    0x08000a58   Section        0  stm32g0xx_hal_dma.o(i.DMA_CalcDMAMUXRequestGenBaseAndMask)
    DMA_CalcDMAMUXRequestGenBaseAndMask      0x08000a59   Thumb Code    30  stm32g0xx_hal_dma.o(i.DMA_CalcDMAMUXRequestGenBaseAndMask)
    i.DMA_SetConfig                          0x08000a7c   Section        0  stm32g0xx_hal_dma.o(i.DMA_SetConfig)
    DMA_SetConfig                            0x08000a7d   Thumb Code    68  stm32g0xx_hal_dma.o(i.DMA_SetConfig)
    i.Error_Handler                          0x08000ac4   Section        0  main.o(i.Error_Handler)
    i.FULL_LOAD_CURRENT                      0x08000ac8   Section        0  motor_protection.o(i.FULL_LOAD_CURRENT)
    i.HAL_ADC_ConfigChannel                  0x08000ae8   Section        0  stm32g0xx_hal_adc.o(i.HAL_ADC_ConfigChannel)
    i.HAL_ADC_ConvCpltCallback               0x08000d20   Section        0  main.o(i.HAL_ADC_ConvCpltCallback)
    i.HAL_ADC_ConvHalfCpltCallback           0x08000d5c   Section        0  stm32g0xx_hal_adc.o(i.HAL_ADC_ConvHalfCpltCallback)
    i.HAL_ADC_ErrorCallback                  0x08000d5e   Section        0  stm32g0xx_hal_adc.o(i.HAL_ADC_ErrorCallback)
    i.HAL_ADC_Init                           0x08000d60   Section        0  stm32g0xx_hal_adc.o(i.HAL_ADC_Init)
    i.HAL_ADC_MspInit                        0x08000fc8   Section        0  stm32g0xx_hal_msp.o(i.HAL_ADC_MspInit)
    i.HAL_ADC_Start_DMA                      0x08001088   Section        0  stm32g0xx_hal_adc.o(i.HAL_ADC_Start_DMA)
    i.HAL_DMA_IRQHandler                     0x08001140   Section        0  stm32g0xx_hal_dma.o(i.HAL_DMA_IRQHandler)
    i.HAL_DMA_Init                           0x08001204   Section        0  stm32g0xx_hal_dma.o(i.HAL_DMA_Init)
    i.HAL_DMA_Start_IT                       0x080012a8   Section        0  stm32g0xx_hal_dma.o(i.HAL_DMA_Start_IT)
    i.HAL_Delay                              0x08001340   Section        0  stm32g0xx_hal.o(i.HAL_Delay)
    i.HAL_GPIO_Init                          0x08001364   Section        0  stm32g0xx_hal_gpio.o(i.HAL_GPIO_Init)
    i.HAL_GPIO_WritePin                      0x08001498   Section        0  stm32g0xx_hal_gpio.o(i.HAL_GPIO_WritePin)
    i.HAL_GetTick                            0x080014a4   Section        0  stm32g0xx_hal.o(i.HAL_GetTick)
    i.HAL_I2CEx_ConfigAnalogFilter           0x080014b0   Section        0  stm32g0xx_hal_i2c_ex.o(i.HAL_I2CEx_ConfigAnalogFilter)
    i.HAL_I2CEx_ConfigDigitalFilter          0x080014fe   Section        0  stm32g0xx_hal_i2c_ex.o(i.HAL_I2CEx_ConfigDigitalFilter)
    i.HAL_I2C_Init                           0x0800154c   Section        0  stm32g0xx_hal_i2c.o(i.HAL_I2C_Init)
    i.HAL_I2C_Mem_Read                       0x08001608   Section        0  stm32g0xx_hal_i2c.o(i.HAL_I2C_Mem_Read)
    i.HAL_I2C_Mem_Write                      0x0800177c   Section        0  stm32g0xx_hal_i2c.o(i.HAL_I2C_Mem_Write)
    i.HAL_I2C_MspInit                        0x080018e8   Section        0  stm32g0xx_hal_msp.o(i.HAL_I2C_MspInit)
    i.HAL_IncTick                            0x0800194c   Section        0  stm32g0xx_hal.o(i.HAL_IncTick)
    i.HAL_Init                               0x0800195c   Section        0  stm32g0xx_hal.o(i.HAL_Init)
    i.HAL_InitTick                           0x08001984   Section        0  stm32g0xx_hal.o(i.HAL_InitTick)
    i.HAL_MspInit                            0x080019d4   Section        0  stm32g0xx_hal_msp.o(i.HAL_MspInit)
    i.HAL_NVIC_EnableIRQ                     0x08001a00   Section        0  stm32g0xx_hal_cortex.o(i.HAL_NVIC_EnableIRQ)
    i.HAL_NVIC_SetPriority                   0x08001a14   Section        0  stm32g0xx_hal_cortex.o(i.HAL_NVIC_SetPriority)
    i.HAL_PWREx_ControlVoltageScaling        0x08001a1c   Section        0  stm32g0xx_hal_pwr_ex.o(i.HAL_PWREx_ControlVoltageScaling)
    i.HAL_RCCEx_PeriphCLKConfig              0x08001a68   Section        0  stm32g0xx_hal_rcc_ex.o(i.HAL_RCCEx_PeriphCLKConfig)
    i.HAL_RCC_ClockConfig                    0x08001be4   Section        0  stm32g0xx_hal_rcc.o(i.HAL_RCC_ClockConfig)
    i.HAL_RCC_GetHCLKFreq                    0x08001d58   Section        0  stm32g0xx_hal_rcc.o(i.HAL_RCC_GetHCLKFreq)
    i.HAL_RCC_GetPCLK1Freq                   0x08001d64   Section        0  stm32g0xx_hal_rcc.o(i.HAL_RCC_GetPCLK1Freq)
    i.HAL_RCC_GetSysClockFreq                0x08001d8c   Section        0  stm32g0xx_hal_rcc.o(i.HAL_RCC_GetSysClockFreq)
    i.HAL_RCC_OscConfig                      0x08001e28   Section        0  stm32g0xx_hal_rcc.o(i.HAL_RCC_OscConfig)
    i.HAL_RS485Ex_Init                       0x08002250   Section        0  stm32g0xx_hal_uart_ex.o(i.HAL_RS485Ex_Init)
    i.HAL_RTC_Init                           0x080022e8   Section        0  stm32g0xx_hal_rtc.o(i.HAL_RTC_Init)
    i.HAL_RTC_MspInit                        0x0800238c   Section        0  stm32g0xx_hal_msp.o(i.HAL_RTC_MspInit)
    i.HAL_RTC_WaitForSynchro                 0x080023c0   Section        0  stm32g0xx_hal_rtc.o(i.HAL_RTC_WaitForSynchro)
    i.HAL_SYSTICK_Config                     0x080023f4   Section        0  stm32g0xx_hal_cortex.o(i.HAL_SYSTICK_Config)
    i.HAL_TIMEx_Break2Callback               0x08002424   Section        0  stm32g0xx_hal_tim_ex.o(i.HAL_TIMEx_Break2Callback)
    i.HAL_TIMEx_BreakCallback                0x08002426   Section        0  stm32g0xx_hal_tim_ex.o(i.HAL_TIMEx_BreakCallback)
    i.HAL_TIMEx_CommutCallback               0x08002428   Section        0  stm32g0xx_hal_tim_ex.o(i.HAL_TIMEx_CommutCallback)
    i.HAL_TIMEx_MasterConfigSynchronization  0x0800242c   Section        0  stm32g0xx_hal_tim_ex.o(i.HAL_TIMEx_MasterConfigSynchronization)
    i.HAL_TIM_Base_Init                      0x0800247c   Section        0  stm32g0xx_hal_tim.o(i.HAL_TIM_Base_Init)
    i.HAL_TIM_Base_MspInit                   0x080024b4   Section        0  stm32g0xx_hal_msp.o(i.HAL_TIM_Base_MspInit)
    i.HAL_TIM_Base_Start                     0x080024e8   Section        0  stm32g0xx_hal_tim.o(i.HAL_TIM_Base_Start)
    i.HAL_TIM_ConfigClockSource              0x08002518   Section        0  stm32g0xx_hal_tim.o(i.HAL_TIM_ConfigClockSource)
    i.HAL_TIM_IC_CaptureCallback             0x080025fc   Section        0  stm32g0xx_hal_tim.o(i.HAL_TIM_IC_CaptureCallback)
    i.HAL_TIM_IRQHandler                     0x08002600   Section        0  stm32g0xx_hal_tim.o(i.HAL_TIM_IRQHandler)
    i.HAL_TIM_OC_DelayElapsedCallback        0x0800278c   Section        0  stm32g0xx_hal_tim.o(i.HAL_TIM_OC_DelayElapsedCallback)
    i.HAL_TIM_PWM_PulseFinishedCallback      0x0800278e   Section        0  stm32g0xx_hal_tim.o(i.HAL_TIM_PWM_PulseFinishedCallback)
    i.HAL_TIM_PeriodElapsedCallback          0x08002790   Section        0  stm32g0xx_hal_tim.o(i.HAL_TIM_PeriodElapsedCallback)
    i.HAL_TIM_TriggerCallback                0x08002792   Section        0  stm32g0xx_hal_tim.o(i.HAL_TIM_TriggerCallback)
    i.HAL_UARTEx_DisableFifoMode             0x08002794   Section        0  stm32g0xx_hal_uart_ex.o(i.HAL_UARTEx_DisableFifoMode)
    i.HAL_UARTEx_SetRxFifoThreshold          0x080027d6   Section        0  stm32g0xx_hal_uart_ex.o(i.HAL_UARTEx_SetRxFifoThreshold)
    i.HAL_UARTEx_SetTxFifoThreshold          0x08002822   Section        0  stm32g0xx_hal_uart_ex.o(i.HAL_UARTEx_SetTxFifoThreshold)
    i.HAL_UART_Init                          0x0800286c   Section        0  stm32g0xx_hal_uart.o(i.HAL_UART_Init)
    i.HAL_UART_MspInit                       0x080028e4   Section        0  stm32g0xx_hal_msp.o(i.HAL_UART_MspInit)
    i.HardFault_Handler                      0x08002a24   Section        0  stm32g0xx_it.o(i.HardFault_Handler)
    i.I2C_Flush_TXDR                         0x08002a26   Section        0  stm32g0xx_hal_i2c.o(i.I2C_Flush_TXDR)
    I2C_Flush_TXDR                           0x08002a27   Thumb Code    34  stm32g0xx_hal_i2c.o(i.I2C_Flush_TXDR)
    i.I2C_IsAcknowledgeFailed                0x08002a48   Section        0  stm32g0xx_hal_i2c.o(i.I2C_IsAcknowledgeFailed)
    I2C_IsAcknowledgeFailed                  0x08002a49   Thumb Code   124  stm32g0xx_hal_i2c.o(i.I2C_IsAcknowledgeFailed)
    i.I2C_RequestMemoryRead                  0x08002ac8   Section        0  stm32g0xx_hal_i2c.o(i.I2C_RequestMemoryRead)
    I2C_RequestMemoryRead                    0x08002ac9   Thumb Code   110  stm32g0xx_hal_i2c.o(i.I2C_RequestMemoryRead)
    i.I2C_RequestMemoryWrite                 0x08002b3c   Section        0  stm32g0xx_hal_i2c.o(i.I2C_RequestMemoryWrite)
    I2C_RequestMemoryWrite                   0x08002b3d   Thumb Code   110  stm32g0xx_hal_i2c.o(i.I2C_RequestMemoryWrite)
    i.I2C_TransferConfig                     0x08002bb0   Section        0  stm32g0xx_hal_i2c.o(i.I2C_TransferConfig)
    I2C_TransferConfig                       0x08002bb1   Thumb Code    34  stm32g0xx_hal_i2c.o(i.I2C_TransferConfig)
    i.I2C_WaitOnFlagUntilTimeout             0x08002bd8   Section        0  stm32g0xx_hal_i2c.o(i.I2C_WaitOnFlagUntilTimeout)
    I2C_WaitOnFlagUntilTimeout               0x08002bd9   Thumb Code    78  stm32g0xx_hal_i2c.o(i.I2C_WaitOnFlagUntilTimeout)
    i.I2C_WaitOnSTOPFlagUntilTimeout         0x08002c26   Section        0  stm32g0xx_hal_i2c.o(i.I2C_WaitOnSTOPFlagUntilTimeout)
    I2C_WaitOnSTOPFlagUntilTimeout           0x08002c27   Thumb Code    78  stm32g0xx_hal_i2c.o(i.I2C_WaitOnSTOPFlagUntilTimeout)
    i.I2C_WaitOnTXISFlagUntilTimeout         0x08002c74   Section        0  stm32g0xx_hal_i2c.o(i.I2C_WaitOnTXISFlagUntilTimeout)
    I2C_WaitOnTXISFlagUntilTimeout           0x08002c75   Thumb Code    82  stm32g0xx_hal_i2c.o(i.I2C_WaitOnTXISFlagUntilTimeout)
    i.LL_ADC_IsEnabled                       0x08002cc6   Section        0  stm32g0xx_hal_adc.o(i.LL_ADC_IsEnabled)
    LL_ADC_IsEnabled                         0x08002cc7   Thumb Code     8  stm32g0xx_hal_adc.o(i.LL_ADC_IsEnabled)
    i.LL_ADC_REG_IsConversionOngoing         0x08002cce   Section        0  stm32g0xx_hal_adc.o(i.LL_ADC_REG_IsConversionOngoing)
    LL_ADC_REG_IsConversionOngoing           0x08002ccf   Thumb Code     8  stm32g0xx_hal_adc.o(i.LL_ADC_REG_IsConversionOngoing)
    i.LL_ADC_REG_IsTriggerSourceSWStart      0x08002cd6   Section        0  stm32g0xx_hal_adc.o(i.LL_ADC_REG_IsTriggerSourceSWStart)
    LL_ADC_REG_IsTriggerSourceSWStart        0x08002cd7   Thumb Code    16  stm32g0xx_hal_adc.o(i.LL_ADC_REG_IsTriggerSourceSWStart)
    i.LL_ADC_SetCommonPathInternalCh         0x08002ce6   Section        0  stm32g0xx_hal_adc.o(i.LL_ADC_SetCommonPathInternalCh)
    LL_ADC_SetCommonPathInternalCh           0x08002ce7   Thumb Code    14  stm32g0xx_hal_adc.o(i.LL_ADC_SetCommonPathInternalCh)
    i.LL_ADC_SetSamplingTimeCommonChannels   0x08002cf4   Section        0  stm32g0xx_hal_adc.o(i.LL_ADC_SetSamplingTimeCommonChannels)
    LL_ADC_SetSamplingTimeCommonChannels     0x08002cf5   Thumb Code    22  stm32g0xx_hal_adc.o(i.LL_ADC_SetSamplingTimeCommonChannels)
    i.MX_ADC1_Init                           0x08002d0c   Section        0  main.o(i.MX_ADC1_Init)
    MX_ADC1_Init                             0x08002d0d   Thumb Code   280  main.o(i.MX_ADC1_Init)
    i.MX_DMA_Init                            0x08002e50   Section        0  main.o(i.MX_DMA_Init)
    MX_DMA_Init                              0x08002e51   Thumb Code    36  main.o(i.MX_DMA_Init)
    i.MX_GPIO_Init                           0x08002e78   Section        0  main.o(i.MX_GPIO_Init)
    MX_GPIO_Init                             0x08002e79   Thumb Code   366  main.o(i.MX_GPIO_Init)
    i.MX_I2C2_Init                           0x08003004   Section        0  main.o(i.MX_I2C2_Init)
    MX_I2C2_Init                             0x08003005   Thumb Code    76  main.o(i.MX_I2C2_Init)
    i.MX_RTC_Init                            0x0800305c   Section        0  main.o(i.MX_RTC_Init)
    MX_RTC_Init                              0x0800305d   Thumb Code    48  main.o(i.MX_RTC_Init)
    i.MX_TIM3_Init                           0x08003094   Section        0  main.o(i.MX_TIM3_Init)
    MX_TIM3_Init                             0x08003095   Thumb Code   100  main.o(i.MX_TIM3_Init)
    i.MX_USART1_UART_Init                    0x08003100   Section        0  main.o(i.MX_USART1_UART_Init)
    MX_USART1_UART_Init                      0x08003101   Thumb Code    98  main.o(i.MX_USART1_UART_Init)
    i.MX_USART2_UART_Init                    0x0800316c   Section        0  main.o(i.MX_USART2_UART_Init)
    MX_USART2_UART_Init                      0x0800316d   Thumb Code    98  main.o(i.MX_USART2_UART_Init)
    i.MX_USART3_UART_Init                    0x080031d8   Section        0  main.o(i.MX_USART3_UART_Init)
    MX_USART3_UART_Init                      0x080031d9   Thumb Code    58  main.o(i.MX_USART3_UART_Init)
    i.MX_USART4_UART_Init                    0x0800321c   Section        0  main.o(i.MX_USART4_UART_Init)
    MX_USART4_UART_Init                      0x0800321d   Thumb Code    52  main.o(i.MX_USART4_UART_Init)
    i.NMI_Handler                            0x08003258   Section        0  stm32g0xx_it.o(i.NMI_Handler)
    i.NOMINAL_VOLTAGE                        0x0800325c   Section        0  motor_protection.o(i.NOMINAL_VOLTAGE)
    i.NVIC_SetPriority                       0x0800327c   Section        0  stm32g0xx_hal_cortex.o(i.NVIC_SetPriority)
    NVIC_SetPriority                         0x0800327d   Thumb Code    60  stm32g0xx_hal_cortex.o(i.NVIC_SetPriority)
    i.PT24xx_init                            0x080032c0   Section        0  pt24xx.o(i.PT24xx_init)
    i.PT24xx_read                            0x080032cc   Section        0  pt24xx.o(i.PT24xx_read)
    i.PT24xx_write                           0x08003318   Section        0  pt24xx.o(i.PT24xx_write)
    i.PendSV_Handler                         0x08003358   Section        0  stm32g0xx_it.o(i.PendSV_Handler)
    i.RTC_EnterInitMode                      0x0800335a   Section        0  stm32g0xx_hal_rtc.o(i.RTC_EnterInitMode)
    i.RTC_ExitInitMode                       0x080033a0   Section        0  stm32g0xx_hal_rtc.o(i.RTC_ExitInitMode)
    i.Read_Eeprom_Data                       0x080033f0   Section        0  rms.o(i.Read_Eeprom_Data)
    i.Rms_Calculations                       0x08003460   Section        0  rms.o(i.Rms_Calculations)
    i.SVC_Handler                            0x08003704   Section        0  stm32g0xx_it.o(i.SVC_Handler)
    i.Store_Adc_Data                         0x08003708   Section        0  rms.o(i.Store_Adc_Data)
    i.SysTick_Handler                        0x080037e0   Section        0  stm32g0xx_it.o(i.SysTick_Handler)
    i.SystemClock_Config                     0x080037e8   Section        0  main.o(i.SystemClock_Config)
    i.SystemInit                             0x0800388c   Section        0  system_stm32g0xx.o(i.SystemInit)
    i.TIM3_IRQHandler                        0x0800389c   Section        0  stm32g0xx_it.o(i.TIM3_IRQHandler)
    i.TIM_Base_SetConfig                     0x080038ac   Section        0  stm32g0xx_hal_tim.o(i.TIM_Base_SetConfig)
    i.TIM_ETR_SetConfig                      0x08003934   Section        0  stm32g0xx_hal_tim.o(i.TIM_ETR_SetConfig)
    i.TIM_ITRx_SetConfig                     0x0800394c   Section        0  stm32g0xx_hal_tim.o(i.TIM_ITRx_SetConfig)
    TIM_ITRx_SetConfig                       0x0800394d   Thumb Code    16  stm32g0xx_hal_tim.o(i.TIM_ITRx_SetConfig)
    i.TIM_TI1_ConfigInputStage               0x08003960   Section        0  stm32g0xx_hal_tim.o(i.TIM_TI1_ConfigInputStage)
    TIM_TI1_ConfigInputStage                 0x08003961   Thumb Code    34  stm32g0xx_hal_tim.o(i.TIM_TI1_ConfigInputStage)
    i.TIM_TI2_ConfigInputStage               0x08003982   Section        0  stm32g0xx_hal_tim.o(i.TIM_TI2_ConfigInputStage)
    TIM_TI2_ConfigInputStage                 0x08003983   Thumb Code    38  stm32g0xx_hal_tim.o(i.TIM_TI2_ConfigInputStage)
    i.UARTEx_SetNbDataToProcess              0x080039a8   Section        0  stm32g0xx_hal_uart_ex.o(i.UARTEx_SetNbDataToProcess)
    UARTEx_SetNbDataToProcess                0x080039a9   Thumb Code    82  stm32g0xx_hal_uart_ex.o(i.UARTEx_SetNbDataToProcess)
    i.UART_AdvFeatureConfig                  0x08003a0c   Section        0  stm32g0xx_hal_uart.o(i.UART_AdvFeatureConfig)
    i.UART_CheckIdleState                    0x08003ad8   Section        0  stm32g0xx_hal_uart.o(i.UART_CheckIdleState)
    i.UART_SetConfig                         0x08003b40   Section        0  stm32g0xx_hal_uart.o(i.UART_SetConfig)
    i.UART_WaitOnFlagUntilTimeout            0x08004084   Section        0  stm32g0xx_hal_uart.o(i.UART_WaitOnFlagUntilTimeout)
    i._ProcessFrequencyCalculation           0x080040ec   Section        0  rms.o(i._ProcessFrequencyCalculation)
    _ProcessFrequencyCalculation             0x080040ed   Thumb Code   130  rms.o(i._ProcessFrequencyCalculation)
    i.__ARM_clz                              0x08004178   Section        0  depilogue.o(i.__ARM_clz)
    i.__scatterload_copy                     0x080041a6   Section       14  handlers.o(i.__scatterload_copy)
    i.__scatterload_null                     0x080041b4   Section        2  handlers.o(i.__scatterload_null)
    i.__scatterload_zeroinit                 0x080041b6   Section       14  handlers.o(i.__scatterload_zeroinit)
    i.__set_errno                            0x080041c4   Section        0  errno.o(i.__set_errno)
    i.adc_init                               0x080041d0   Section        0  main.o(i.adc_init)
    adc_init                                 0x080041d1   Thumb Code    28  main.o(i.adc_init)
    i.alarmRelay                             0x080041f8   Section        0  motor_protection.o(i.alarmRelay)
    alarmRelay                               0x080041f9   Thumb Code   142  motor_protection.o(i.alarmRelay)
    i.button_scanEvent                       0x08004294   Section        0  button.o(i.button_scanEvent)
    i.capture_fault_data                     0x08004354   Section        0  motor_protection.o(i.capture_fault_data)
    i.check_Motor_status                     0x0800435c   Section        0  motor_protection.o(i.check_Motor_status)
    i.check_min_max_limit                    0x08004408   Section        0  motor_protection.o(i.check_min_max_limit)
    i.clear_fault                            0x08004418   Section        0  motor_protection.o(i.clear_fault)
    clear_fault                              0x08004419   Thumb Code    28  motor_protection.o(i.clear_fault)
    i.clear_flag                             0x08004438   Section        0  motor_protection.o(i.clear_flag)
    clear_flag                               0x08004439   Thumb Code    20  motor_protection.o(i.clear_flag)
    i.current_related_fault                  0x08004450   Section        0  motor_protection.o(i.current_related_fault)
    current_related_fault                    0x08004451   Thumb Code    38  motor_protection.o(i.current_related_fault)
    i.current_select_line                    0x0800447c   Section        0  rms.o(i.current_select_line)
    current_select_line                      0x0800447d   Thumb Code   146  rms.o(i.current_select_line)
    i.delaySelect                            0x08004518   Section        0  motor_protection.o(i.delaySelect)
    i.extact_data                            0x0800460c   Section        0  setup.o(i.extact_data)
    i.find_max                               0x08004632   Section        0  motor_protection.o(i.find_max)
    find_max                                 0x08004633   Thumb Code    54  motor_protection.o(i.find_max)
    i.find_min                               0x08004668   Section        0  motor_protection.o(i.find_min)
    find_min                                 0x08004669   Thumb Code    54  motor_protection.o(i.find_min)
    i.hardware_init                          0x080046a0   Section        0  main.o(i.hardware_init)
    hardware_init                            0x080046a1   Thumb Code    16  main.o(i.hardware_init)
    i.initialised_default_setup              0x080046b4   Section        0  setup.o(i.initialised_default_setup)
    i.isOverCurr                             0x08004718   Section        0  motor_protection.o(i.isOverCurr)
    isOverCurr                               0x08004719   Thumb Code   108  motor_protection.o(i.isOverCurr)
    i.isOverVolt                             0x08004790   Section        0  motor_protection.o(i.isOverVolt)
    isOverVolt                               0x08004791   Thumb Code   108  motor_protection.o(i.isOverVolt)
    i.isPhaseFailueVolt                      0x08004808   Section        0  motor_protection.o(i.isPhaseFailueVolt)
    isPhaseFailueVolt                        0x08004809   Thumb Code    68  motor_protection.o(i.isPhaseFailueVolt)
    i.isPhaseUnbalanceCurr                   0x08004850   Section        0  motor_protection.o(i.isPhaseUnbalanceCurr)
    isPhaseUnbalanceCurr                     0x08004851   Thumb Code   106  motor_protection.o(i.isPhaseUnbalanceCurr)
    i.isPhaseUnbalanceVolt                   0x080048cc   Section        0  motor_protection.o(i.isPhaseUnbalanceVolt)
    isPhaseUnbalanceVolt                     0x080048cd   Thumb Code   106  motor_protection.o(i.isPhaseUnbalanceVolt)
    i.isProlongStartCurr                     0x08004948   Section        0  motor_protection.o(i.isProlongStartCurr)
    isProlongStartCurr                       0x08004949   Thumb Code   110  motor_protection.o(i.isProlongStartCurr)
    i.isRotorLockCurr                        0x080049c4   Section        0  motor_protection.o(i.isRotorLockCurr)
    isRotorLockCurr                          0x080049c5   Thumb Code   112  motor_protection.o(i.isRotorLockCurr)
    i.isUnderCurr                            0x08004a40   Section        0  motor_protection.o(i.isUnderCurr)
    isUnderCurr                              0x08004a41   Thumb Code   108  motor_protection.o(i.isUnderCurr)
    i.isUnderVolt                            0x08004ab8   Section        0  motor_protection.o(i.isUnderVolt)
    isUnderVolt                              0x08004ab9   Thumb Code   108  motor_protection.o(i.isUnderVolt)
    i.is_ok_pre_Start_Motor_Fault_Check      0x08004b30   Section        0  motor_protection.o(i.is_ok_pre_Start_Motor_Fault_Check)
    i.main                                   0x08004bf4   Section        0  main.o(i.main)
    i.motorFunctions                         0x08004c50   Section        0  motor_protection.o(i.motorFunctions)
    i.motor_alarm_relay                      0x08004c88   Section        0  motor_protection.o(i.motor_alarm_relay)
    i.motor_default_status                   0x08004cbc   Section        0  motor_protection.o(i.motor_default_status)
    i.motor_trip_relay                       0x08004cd8   Section        0  motor_protection.o(i.motor_trip_relay)
    i.other_related_fault                    0x08004d0c   Section        0  motor_protection.o(i.other_related_fault)
    other_related_fault                      0x08004d0d   Thumb Code     2  motor_protection.o(i.other_related_fault)
    i.sqrt                                   0x08004d10   Section        0  sqrt.o(i.sqrt)
    i.tripRelay                              0x08004d58   Section        0  motor_protection.o(i.tripRelay)
    tripRelay                                0x08004d59   Thumb Code   116  motor_protection.o(i.tripRelay)
    i.ui_isButtonNormalPressed               0x08004dd8   Section        0  button.o(i.ui_isButtonNormalPressed)
    i.voltage_related_fault                  0x08004de8   Section        0  motor_protection.o(i.voltage_related_fault)
    voltage_related_fault                    0x08004de9   Thumb Code    28  motor_protection.o(i.voltage_related_fault)
    .constdata                               0x08004e08   Section       32  button.o(.constdata)
    .constdata                               0x08004e28   Section       64  system_stm32g0xx.o(.constdata)
    .constdata                               0x08004e68   Section       32  system_stm32g0xx.o(.constdata)
    .data                                    0x20000000   Section       24  rms.o(.data)
    _tempCount                               0x20000001   Data           1  rms.o(.data)
    temp_count                               0x20000002   Data           1  rms.o(.data)
    _countSaturation                         0x20000003   Data           3  rms.o(.data)
    .data                                    0x20000018   Section        8  pt24xx.o(.data)
    PT24xxDevAddr                            0x20000018   Data           1  pt24xx.o(.data)
    PT24xxPort                               0x2000001c   Data           4  pt24xx.o(.data)
    .data                                    0x20000020   Section       12  motor_protection.o(.data)
    _thresold_delay                          0x20000021   Data           1  motor_protection.o(.data)
    presentTHCapacity                        0x20000024   Data           4  motor_protection.o(.data)
    previousTHCapacity                       0x20000028   Data           4  motor_protection.o(.data)
    .data                                    0x2000002c   Section       50  button.o(.data)
    currState                                0x2000003d   Data           4  button.o(.data)
    btnState                                 0x20000041   Data           4  button.o(.data)
    .data                                    0x2000005e   Section        8  main.o(.data)
    adc_counter                              0x20000060   Data           2  main.o(.data)
    temp                                     0x20000062   Data           4  main.o(.data)
    .data                                    0x20000068   Section       12  stm32g0xx_hal.o(.data)
    .data                                    0x20000074   Section        4  system_stm32g0xx.o(.data)
    .data                                    0x20000078   Section        4  errno.o(.data)
    _errno                                   0x20000078   Data           4  errno.o(.data)
    .data__ZZ23Adc_Sample_CalculationsE12volt_Curr_Id 0x2000007c   Section        1  rms.o(.data__ZZ23Adc_Sample_CalculationsE12volt_Curr_Id)
    .data__ZZ23Adc_Sample_CalculationsE15volt_delay90Idx 0x2000007d   Section        1  rms.o(.data__ZZ23Adc_Sample_CalculationsE15volt_delay90Idx)
    .bss                                     0x20000080   Section      720  rms.o(.bss)
    .bss                                     0x20000350   Section       72  motor_protection.o(.bss)
    .bss                                     0x20000398   Section      168  setup.o(.bss)
    .bss                                     0x20000440   Section      880  main.o(.bss)
    .bss                                     0x200007b0   Section       92  main.o(.bss)
    STACK                                    0x20000810   Section     1024  startup_stm32g070xx.o(STACK)

    Global Symbols

    Symbol Name                              Value     Ov Type        Size  Object(Section)

    BuildAttributes$$THM_ISAv3M$S$PE$A:L22$X:L11$S22$IEEE1$IW$USESV6$~STKCKD$USESV7$~SHL$OTIME$ROPI$IEEEJ$EBA8$MICROLIB$REQ8$PRES8$EABIv2 0x00000000   Number         0  anon$$obj.o ABSOLUTE
    __ARM_use_no_argv                        0x00000000   Number         0  main.o ABSOLUTE
    __arm_fini_                               - Undefined Weak Reference
    __cpp_initialize__aeabi_                  - Undefined Weak Reference
    __cxa_finalize                            - Undefined Weak Reference
    __decompress                              - Undefined Weak Reference
    _clock_init                               - Undefined Weak Reference
    _microlib_exit                            - Undefined Weak Reference
    __Vectors_Size                           0x000000b8   Number         0  startup_stm32g070xx.o ABSOLUTE
    __Vectors                                0x08000000   Data           4  startup_stm32g070xx.o(RESET)
    __Vectors_End                            0x080000b8   Data           0  startup_stm32g070xx.o(RESET)
    __main                                   0x080000b9   Thumb Code     0  entry.o(.ARM.Collect$$$$00000000)
    _main_stk                                0x080000b9   Thumb Code     0  entry2.o(.ARM.Collect$$$$00000001)
    _main_scatterload                        0x080000bd   Thumb Code     0  entry5.o(.ARM.Collect$$$$00000004)
    __main_after_scatterload                 0x080000c1   Thumb Code     0  entry5.o(.ARM.Collect$$$$00000004)
    _main_clock                              0x080000c1   Thumb Code     0  entry7b.o(.ARM.Collect$$$$00000008)
    _main_cpp_init                           0x080000c1   Thumb Code     0  entry8b.o(.ARM.Collect$$$$0000000A)
    _main_init                               0x080000c1   Thumb Code     0  entry9a.o(.ARM.Collect$$$$0000000B)
    __rt_lib_shutdown_fini                   0x080000c9   Thumb Code     0  entry12b.o(.ARM.Collect$$$$0000000E)
    __rt_final_cpp                           0x080000cd   Thumb Code     0  entry10a.o(.ARM.Collect$$$$0000000F)
    __rt_final_exit                          0x080000cd   Thumb Code     0  entry11a.o(.ARM.Collect$$$$00000011)
    Reset_Handler                            0x080000d1   Thumb Code     8  startup_stm32g070xx.o(.text)
    ADC1_IRQHandler                          0x080000e3   Thumb Code     0  startup_stm32g070xx.o(.text)
    DMA1_Ch4_7_DMAMUX1_OVR_IRQHandler        0x080000e3   Thumb Code     0  startup_stm32g070xx.o(.text)
    DMA1_Channel2_3_IRQHandler               0x080000e3   Thumb Code     0  startup_stm32g070xx.o(.text)
    EXTI0_1_IRQHandler                       0x080000e3   Thumb Code     0  startup_stm32g070xx.o(.text)
    EXTI2_3_IRQHandler                       0x080000e3   Thumb Code     0  startup_stm32g070xx.o(.text)
    EXTI4_15_IRQHandler                      0x080000e3   Thumb Code     0  startup_stm32g070xx.o(.text)
    FLASH_IRQHandler                         0x080000e3   Thumb Code     0  startup_stm32g070xx.o(.text)
    I2C1_IRQHandler                          0x080000e3   Thumb Code     0  startup_stm32g070xx.o(.text)
    I2C2_IRQHandler                          0x080000e3   Thumb Code     0  startup_stm32g070xx.o(.text)
    RCC_IRQHandler                           0x080000e3   Thumb Code     0  startup_stm32g070xx.o(.text)
    RTC_TAMP_IRQHandler                      0x080000e3   Thumb Code     0  startup_stm32g070xx.o(.text)
    SPI1_IRQHandler                          0x080000e3   Thumb Code     0  startup_stm32g070xx.o(.text)
    SPI2_IRQHandler                          0x080000e3   Thumb Code     0  startup_stm32g070xx.o(.text)
    TIM14_IRQHandler                         0x080000e3   Thumb Code     0  startup_stm32g070xx.o(.text)
    TIM15_IRQHandler                         0x080000e3   Thumb Code     0  startup_stm32g070xx.o(.text)
    TIM16_IRQHandler                         0x080000e3   Thumb Code     0  startup_stm32g070xx.o(.text)
    TIM17_IRQHandler                         0x080000e3   Thumb Code     0  startup_stm32g070xx.o(.text)
    TIM1_BRK_UP_TRG_COM_IRQHandler           0x080000e3   Thumb Code     0  startup_stm32g070xx.o(.text)
    TIM1_CC_IRQHandler                       0x080000e3   Thumb Code     0  startup_stm32g070xx.o(.text)
    TIM6_IRQHandler                          0x080000e3   Thumb Code     0  startup_stm32g070xx.o(.text)
    TIM7_IRQHandler                          0x080000e3   Thumb Code     0  startup_stm32g070xx.o(.text)
    USART1_IRQHandler                        0x080000e3   Thumb Code     0  startup_stm32g070xx.o(.text)
    USART2_IRQHandler                        0x080000e3   Thumb Code     0  startup_stm32g070xx.o(.text)
    USART3_4_IRQHandler                      0x080000e3   Thumb Code     0  startup_stm32g070xx.o(.text)
    WWDG_IRQHandler                          0x080000e3   Thumb Code     0  startup_stm32g070xx.o(.text)
    __aeabi_uidiv                            0x080000ed   Thumb Code     0  uidiv.o(.text)
    __aeabi_uidivmod                         0x080000ed   Thumb Code    44  uidiv.o(.text)
    __aeabi_idiv                             0x08000119   Thumb Code     0  idiv.o(.text)
    __aeabi_idivmod                          0x08000119   Thumb Code    40  idiv.o(.text)
    __aeabi_memset                           0x08000141   Thumb Code    14  memseta.o(.text)
    __aeabi_memset4                          0x08000141   Thumb Code     0  memseta.o(.text)
    __aeabi_memset8                          0x08000141   Thumb Code     0  memseta.o(.text)
    __aeabi_memclr                           0x0800014f   Thumb Code     4  memseta.o(.text)
    __aeabi_memclr4                          0x0800014f   Thumb Code     0  memseta.o(.text)
    __aeabi_memclr8                          0x0800014f   Thumb Code     0  memseta.o(.text)
    _memset$wrapper                          0x08000153   Thumb Code    18  memseta.o(.text)
    __aeabi_fadd                             0x08000165   Thumb Code   162  fadd.o(.text)
    __aeabi_fsub                             0x08000207   Thumb Code     8  fadd.o(.text)
    __aeabi_frsub                            0x0800020f   Thumb Code     8  fadd.o(.text)
    __aeabi_fmul                             0x08000217   Thumb Code   122  fmul.o(.text)
    __aeabi_fdiv                             0x08000291   Thumb Code   124  fdiv.o(.text)
    __ARM_scalbnf                            0x0800030d   Thumb Code    24  fscalb.o(.text)
    scalbnf                                  0x0800030d   Thumb Code     0  fscalb.o(.text)
    __aeabi_dmul                             0x08000325   Thumb Code   202  dmul.o(.text)
    __aeabi_i2f                              0x080003f5   Thumb Code    22  fflti.o(.text)
    __aeabi_ui2f                             0x0800040b   Thumb Code    14  ffltui.o(.text)
    __aeabi_ui2d                             0x08000419   Thumb Code    24  dfltui.o(.text)
    __aeabi_f2iz                             0x08000435   Thumb Code    50  ffixi.o(.text)
    __aeabi_f2uiz                            0x08000467   Thumb Code    40  ffixui.o(.text)
    __aeabi_f2d                              0x0800048f   Thumb Code    40  f2d.o(.text)
    __aeabi_d2f                              0x080004b7   Thumb Code    56  d2f.o(.text)
    __aeabi_cfcmpeq                          0x080004f1   Thumb Code     0  cfcmple.o(.text)
    __aeabi_cfcmple                          0x080004f1   Thumb Code    20  cfcmple.o(.text)
    __aeabi_cfrcmple                         0x08000505   Thumb Code    20  cfrcmple.o(.text)
    __I$use$fp                               0x08000519   Thumb Code     0  iusefp.o(.text)
    _float_round                             0x08000519   Thumb Code    16  fepilogue.o(.text)
    _float_epilogue                          0x08000529   Thumb Code   114  fepilogue.o(.text)
    _double_round                            0x0800059b   Thumb Code    26  depilogue.o(.text)
    _double_epilogue                         0x080005b5   Thumb Code   164  depilogue.o(.text)
    _dsqrt                                   0x08000659   Thumb Code   162  dsqrt.o(.text)
    __scatterload                            0x080006fd   Thumb Code    28  init.o(.text)
    __scatterload_rt2                        0x080006fd   Thumb Code     0  init.o(.text)
    __aeabi_llsl                             0x08000721   Thumb Code    32  llshl.o(.text)
    _ll_shift_l                              0x08000721   Thumb Code     0  llshl.o(.text)
    __aeabi_llsr                             0x08000741   Thumb Code    34  llushr.o(.text)
    _ll_ushift_r                             0x08000741   Thumb Code     0  llushr.o(.text)
    ADC_Enable                               0x08000805   Thumb Code   132  stm32g0xx_hal_adc.o(i.ADC_Enable)
    Adc_Sample_Calculations                  0x0800088d   Thumb Code   376  rms.o(i.Adc_Sample_Calculations)
    DMA1_Channel1_IRQHandler                 0x08000a19   Thumb Code    10  stm32g0xx_it.o(i.DMA1_Channel1_IRQHandler)
    Error_Handler                            0x08000ac5   Thumb Code     2  main.o(i.Error_Handler)
    FULL_LOAD_CURRENT                        0x08000ac9   Thumb Code    28  motor_protection.o(i.FULL_LOAD_CURRENT)
    HAL_ADC_ConfigChannel                    0x08000ae9   Thumb Code   540  stm32g0xx_hal_adc.o(i.HAL_ADC_ConfigChannel)
    HAL_ADC_ConvCpltCallback                 0x08000d21   Thumb Code    52  main.o(i.HAL_ADC_ConvCpltCallback)
    HAL_ADC_ConvHalfCpltCallback             0x08000d5d   Thumb Code     2  stm32g0xx_hal_adc.o(i.HAL_ADC_ConvHalfCpltCallback)
    HAL_ADC_ErrorCallback                    0x08000d5f   Thumb Code     2  stm32g0xx_hal_adc.o(i.HAL_ADC_ErrorCallback)
    HAL_ADC_Init                             0x08000d61   Thumb Code   582  stm32g0xx_hal_adc.o(i.HAL_ADC_Init)
    HAL_ADC_MspInit                          0x08000fc9   Thumb Code   166  stm32g0xx_hal_msp.o(i.HAL_ADC_MspInit)
    HAL_ADC_Start_DMA                        0x08001089   Thumb Code   164  stm32g0xx_hal_adc.o(i.HAL_ADC_Start_DMA)
    HAL_DMA_IRQHandler                       0x08001141   Thumb Code   192  stm32g0xx_hal_dma.o(i.HAL_DMA_IRQHandler)
    HAL_DMA_Init                             0x08001205   Thumb Code   154  stm32g0xx_hal_dma.o(i.HAL_DMA_Init)
    HAL_DMA_Start_IT                         0x080012a9   Thumb Code   146  stm32g0xx_hal_dma.o(i.HAL_DMA_Start_IT)
    HAL_Delay                                0x08001341   Thumb Code    32  stm32g0xx_hal.o(i.HAL_Delay)
    HAL_GPIO_Init                            0x08001365   Thumb Code   292  stm32g0xx_hal_gpio.o(i.HAL_GPIO_Init)
    HAL_GPIO_WritePin                        0x08001499   Thumb Code    12  stm32g0xx_hal_gpio.o(i.HAL_GPIO_WritePin)
    HAL_GetTick                              0x080014a5   Thumb Code     6  stm32g0xx_hal.o(i.HAL_GetTick)
    HAL_I2CEx_ConfigAnalogFilter             0x080014b1   Thumb Code    78  stm32g0xx_hal_i2c_ex.o(i.HAL_I2CEx_ConfigAnalogFilter)
    HAL_I2CEx_ConfigDigitalFilter            0x080014ff   Thumb Code    76  stm32g0xx_hal_i2c_ex.o(i.HAL_I2CEx_ConfigDigitalFilter)
    HAL_I2C_Init                             0x0800154d   Thumb Code   184  stm32g0xx_hal_i2c.o(i.HAL_I2C_Init)
    HAL_I2C_Mem_Read                         0x08001609   Thumb Code   364  stm32g0xx_hal_i2c.o(i.HAL_I2C_Mem_Read)
    HAL_I2C_Mem_Write                        0x0800177d   Thumb Code   358  stm32g0xx_hal_i2c.o(i.HAL_I2C_Mem_Write)
    HAL_I2C_MspInit                          0x080018e9   Thumb Code    88  stm32g0xx_hal_msp.o(i.HAL_I2C_MspInit)
    HAL_IncTick                              0x0800194d   Thumb Code    12  stm32g0xx_hal.o(i.HAL_IncTick)
    HAL_Init                                 0x0800195d   Thumb Code    36  stm32g0xx_hal.o(i.HAL_Init)
    HAL_InitTick                             0x08001985   Thumb Code    72  stm32g0xx_hal.o(i.HAL_InitTick)
    HAL_MspInit                              0x080019d5   Thumb Code    38  stm32g0xx_hal_msp.o(i.HAL_MspInit)
    HAL_NVIC_EnableIRQ                       0x08001a01   Thumb Code    14  stm32g0xx_hal_cortex.o(i.HAL_NVIC_EnableIRQ)
    HAL_NVIC_SetPriority                     0x08001a15   Thumb Code     8  stm32g0xx_hal_cortex.o(i.HAL_NVIC_SetPriority)
    HAL_PWREx_ControlVoltageScaling          0x08001a1d   Thumb Code    62  stm32g0xx_hal_pwr_ex.o(i.HAL_PWREx_ControlVoltageScaling)
    HAL_RCCEx_PeriphCLKConfig                0x08001a69   Thumb Code   368  stm32g0xx_hal_rcc_ex.o(i.HAL_RCCEx_PeriphCLKConfig)
    HAL_RCC_ClockConfig                      0x08001be5   Thumb Code   348  stm32g0xx_hal_rcc.o(i.HAL_RCC_ClockConfig)
    HAL_RCC_GetHCLKFreq                      0x08001d59   Thumb Code     6  stm32g0xx_hal_rcc.o(i.HAL_RCC_GetHCLKFreq)
    HAL_RCC_GetPCLK1Freq                     0x08001d65   Thumb Code    32  stm32g0xx_hal_rcc.o(i.HAL_RCC_GetPCLK1Freq)
    HAL_RCC_GetSysClockFreq                  0x08001d8d   Thumb Code   148  stm32g0xx_hal_rcc.o(i.HAL_RCC_GetSysClockFreq)
    HAL_RCC_OscConfig                        0x08001e29   Thumb Code  1064  stm32g0xx_hal_rcc.o(i.HAL_RCC_OscConfig)
    HAL_RS485Ex_Init                         0x08002251   Thumb Code   148  stm32g0xx_hal_uart_ex.o(i.HAL_RS485Ex_Init)
    HAL_RTC_Init                             0x080022e9   Thumb Code   160  stm32g0xx_hal_rtc.o(i.HAL_RTC_Init)
    HAL_RTC_MspInit                          0x0800238d   Thumb Code    42  stm32g0xx_hal_msp.o(i.HAL_RTC_MspInit)
    HAL_RTC_WaitForSynchro                   0x080023c1   Thumb Code    52  stm32g0xx_hal_rtc.o(i.HAL_RTC_WaitForSynchro)
    HAL_SYSTICK_Config                       0x080023f5   Thumb Code    38  stm32g0xx_hal_cortex.o(i.HAL_SYSTICK_Config)
    HAL_TIMEx_Break2Callback                 0x08002425   Thumb Code     2  stm32g0xx_hal_tim_ex.o(i.HAL_TIMEx_Break2Callback)
    HAL_TIMEx_BreakCallback                  0x08002427   Thumb Code     2  stm32g0xx_hal_tim_ex.o(i.HAL_TIMEx_BreakCallback)
    HAL_TIMEx_CommutCallback                 0x08002429   Thumb Code     2  stm32g0xx_hal_tim_ex.o(i.HAL_TIMEx_CommutCallback)
    HAL_TIMEx_MasterConfigSynchronization    0x0800242d   Thumb Code    76  stm32g0xx_hal_tim_ex.o(i.HAL_TIMEx_MasterConfigSynchronization)
    HAL_TIM_Base_Init                        0x0800247d   Thumb Code    54  stm32g0xx_hal_tim.o(i.HAL_TIM_Base_Init)
    HAL_TIM_Base_MspInit                     0x080024b5   Thumb Code    44  stm32g0xx_hal_msp.o(i.HAL_TIM_Base_MspInit)
    HAL_TIM_Base_Start                       0x080024e9   Thumb Code    44  stm32g0xx_hal_tim.o(i.HAL_TIM_Base_Start)
    HAL_TIM_ConfigClockSource                0x08002519   Thumb Code   222  stm32g0xx_hal_tim.o(i.HAL_TIM_ConfigClockSource)
    HAL_TIM_IC_CaptureCallback               0x080025fd   Thumb Code     2  stm32g0xx_hal_tim.o(i.HAL_TIM_IC_CaptureCallback)
    HAL_TIM_IRQHandler                       0x08002601   Thumb Code   390  stm32g0xx_hal_tim.o(i.HAL_TIM_IRQHandler)
    HAL_TIM_OC_DelayElapsedCallback          0x0800278d   Thumb Code     2  stm32g0xx_hal_tim.o(i.HAL_TIM_OC_DelayElapsedCallback)
    HAL_TIM_PWM_PulseFinishedCallback        0x0800278f   Thumb Code     2  stm32g0xx_hal_tim.o(i.HAL_TIM_PWM_PulseFinishedCallback)
    HAL_TIM_PeriodElapsedCallback            0x08002791   Thumb Code     2  stm32g0xx_hal_tim.o(i.HAL_TIM_PeriodElapsedCallback)
    HAL_TIM_TriggerCallback                  0x08002793   Thumb Code     2  stm32g0xx_hal_tim.o(i.HAL_TIM_TriggerCallback)
    HAL_UARTEx_DisableFifoMode               0x08002795   Thumb Code    66  stm32g0xx_hal_uart_ex.o(i.HAL_UARTEx_DisableFifoMode)
    HAL_UARTEx_SetRxFifoThreshold            0x080027d7   Thumb Code    76  stm32g0xx_hal_uart_ex.o(i.HAL_UARTEx_SetRxFifoThreshold)
    HAL_UARTEx_SetTxFifoThreshold            0x08002823   Thumb Code    74  stm32g0xx_hal_uart_ex.o(i.HAL_UARTEx_SetTxFifoThreshold)
    HAL_UART_Init                            0x0800286d   Thumb Code   118  stm32g0xx_hal_uart.o(i.HAL_UART_Init)
    HAL_UART_MspInit                         0x080028e5   Thumb Code   288  stm32g0xx_hal_msp.o(i.HAL_UART_MspInit)
    HardFault_Handler                        0x08002a25   Thumb Code     2  stm32g0xx_it.o(i.HardFault_Handler)
    NMI_Handler                              0x08003259   Thumb Code     2  stm32g0xx_it.o(i.NMI_Handler)
    NOMINAL_VOLTAGE                          0x0800325d   Thumb Code    28  motor_protection.o(i.NOMINAL_VOLTAGE)
    PT24xx_init                              0x080032c1   Thumb Code     8  pt24xx.o(i.PT24xx_init)
    PT24xx_read                              0x080032cd   Thumb Code    72  pt24xx.o(i.PT24xx_read)
    PT24xx_write                             0x08003319   Thumb Code    60  pt24xx.o(i.PT24xx_write)
    PendSV_Handler                           0x08003359   Thumb Code     2  stm32g0xx_it.o(i.PendSV_Handler)
    RTC_EnterInitMode                        0x0800335b   Thumb Code    70  stm32g0xx_hal_rtc.o(i.RTC_EnterInitMode)
    RTC_ExitInitMode                         0x080033a1   Thumb Code    74  stm32g0xx_hal_rtc.o(i.RTC_ExitInitMode)
    Read_Eeprom_Data                         0x080033f1   Thumb Code   104  rms.o(i.Read_Eeprom_Data)
    Rms_Calculations                         0x08003461   Thumb Code   634  rms.o(i.Rms_Calculations)
    SVC_Handler                              0x08003705   Thumb Code     2  stm32g0xx_it.o(i.SVC_Handler)
    Store_Adc_Data                           0x08003709   Thumb Code   200  rms.o(i.Store_Adc_Data)
    SysTick_Handler                          0x080037e1   Thumb Code     8  stm32g0xx_it.o(i.SysTick_Handler)
    SystemClock_Config                       0x080037e9   Thumb Code   156  main.o(i.SystemClock_Config)
    SystemInit                               0x0800388d   Thumb Code    10  system_stm32g0xx.o(i.SystemInit)
    TIM3_IRQHandler                          0x0800389d   Thumb Code    10  stm32g0xx_it.o(i.TIM3_IRQHandler)
    TIM_Base_SetConfig                       0x080038ad   Thumb Code   110  stm32g0xx_hal_tim.o(i.TIM_Base_SetConfig)
    TIM_ETR_SetConfig                        0x08003935   Thumb Code    22  stm32g0xx_hal_tim.o(i.TIM_ETR_SetConfig)
    UART_AdvFeatureConfig                    0x08003a0d   Thumb Code   202  stm32g0xx_hal_uart.o(i.UART_AdvFeatureConfig)
    UART_CheckIdleState                      0x08003ad9   Thumb Code    98  stm32g0xx_hal_uart.o(i.UART_CheckIdleState)
    UART_SetConfig                           0x08003b41   Thumb Code  1348  stm32g0xx_hal_uart.o(i.UART_SetConfig)
    UART_WaitOnFlagUntilTimeout              0x08004085   Thumb Code   102  stm32g0xx_hal_uart.o(i.UART_WaitOnFlagUntilTimeout)
    __ARM_clz                                0x08004179   Thumb Code    46  depilogue.o(i.__ARM_clz)
    __scatterload_copy                       0x080041a7   Thumb Code    14  handlers.o(i.__scatterload_copy)
    __scatterload_null                       0x080041b5   Thumb Code     2  handlers.o(i.__scatterload_null)
    __scatterload_zeroinit                   0x080041b7   Thumb Code    14  handlers.o(i.__scatterload_zeroinit)
    __set_errno                              0x080041c5   Thumb Code     6  errno.o(i.__set_errno)
    button_scanEvent                         0x08004295   Thumb Code   182  button.o(i.button_scanEvent)
    capture_fault_data                       0x08004355   Thumb Code     6  motor_protection.o(i.capture_fault_data)
    check_Motor_status                       0x0800435d   Thumb Code   160  motor_protection.o(i.check_Motor_status)
    check_min_max_limit                      0x08004409   Thumb Code    14  motor_protection.o(i.check_min_max_limit)
    delaySelect                              0x08004519   Thumb Code   234  motor_protection.o(i.delaySelect)
    extact_data                              0x0800460d   Thumb Code    38  setup.o(i.extact_data)
    initialised_default_setup                0x080046b5   Thumb Code    72  setup.o(i.initialised_default_setup)
    is_ok_pre_Start_Motor_Fault_Check        0x08004b31   Thumb Code   186  motor_protection.o(i.is_ok_pre_Start_Motor_Fault_Check)
    main                                     0x08004bf5   Thumb Code    86  main.o(i.main)
    motorFunctions                           0x08004c51   Thumb Code    52  motor_protection.o(i.motorFunctions)
    motor_alarm_relay                        0x08004c89   Thumb Code    44  motor_protection.o(i.motor_alarm_relay)
    motor_default_status                     0x08004cbd   Thumb Code    24  motor_protection.o(i.motor_default_status)
    motor_trip_relay                         0x08004cd9   Thumb Code    42  motor_protection.o(i.motor_trip_relay)
    sqrt                                     0x08004d11   Thumb Code    66  sqrt.o(i.sqrt)
    ui_isButtonNormalPressed                 0x08004dd9   Thumb Code    12  button.o(i.ui_isButtonNormalPressed)
    ButtonPort                               0x08004e08   Data          16  button.o(.constdata)
    ButtonPin                                0x08004e18   Data          16  button.o(.constdata)
    AHBPrescTable                            0x08004e28   Data          64  system_stm32g0xx.o(.constdata)
    APBPrescTable                            0x08004e68   Data          32  system_stm32g0xx.o(.constdata)
    Region$$Table$$Base                      0x08004e88   Number         0  anon$$obj.o(Region$$Table)
    Region$$Table$$Limit                     0x08004ea8   Number         0  anon$$obj.o(Region$$Table)
    select_curr_line                         0x20000000   Data           1  rms.o(.data)
    prevSample                               0x20000008   Data           4  rms.o(.data)
    cycleCounter                             0x2000000c   Data           4  rms.o(.data)
    sampleCounter                            0x20000010   Data           4  rms.o(.data)
    phase_shift_difference                   0x20000014   Data           4  rms.o(.data)
    wr_Ind                                   0x20000019   Data           1  pt24xx.o(.data)
    motor_status                             0x20000020   Data           1  motor_protection.o(.data)
    btn                                      0x2000002c   Data           1  button.o(.data)
    state_shifter                            0x2000002d   Data           4  button.o(.data)
    btnEventPressed                          0x20000031   Data           4  button.o(.data)
    btnEventReleased                         0x20000035   Data           4  button.o(.data)
    btnEventLongPressed                      0x20000039   Data           4  button.o(.data)
    btnEventPressedCntr                      0x20000046   Data           8  button.o(.data)
    btnEventReleasedCntr                     0x2000004e   Data           8  button.o(.data)
    btnEventLongPressedCntr                  0x20000056   Data           8  button.o(.data)
    acc_data_ready                           0x2000005e   Data           1  main.o(.data)
    uwTickPrio                               0x20000068   Data           4  stm32g0xx_hal.o(.data)
    uwTickFreq                               0x2000006c   Data           4  stm32g0xx_hal.o(.data)
    uwTick                                   0x20000070   Data           4  stm32g0xx_hal.o(.data)
    SystemCoreClock                          0x20000074   Data           4  system_stm32g0xx.o(.data)
    Adc_Sample_Calculations::volt_Curr_Id    0x2000007c   Data           1  rms.o(.data__ZZ23Adc_Sample_CalculationsE12volt_Curr_Id)
    Adc_Sample_Calculations::volt_delay90Idx 0x2000007d   Data           1  rms.o(.data__ZZ23Adc_Sample_CalculationsE15volt_delay90Idx)
    avg                                      0x20000080   Data          18  rms.o(.bss)
    store                                    0x20000094   Data         120  rms.o(.bss)
    common                                   0x2000010c   Data         380  rms.o(.bss)
    scaling_factor                           0x20000288   Data          60  rms.o(.bss)
    rms                                      0x200002c4   Data         140  rms.o(.bss)
    fault_trip_counter                       0x20000350   Data          30  motor_protection.o(.bss)
    delaySetupTim                            0x2000036e   Data          30  motor_protection.o(.bss)
    motor_var                                0x2000038c   Data          12  motor_protection.o(.bss)
    meter_setup                              0x20000398   Data         168  setup.o(.bss)
    ADC_DATA                                 0x20000440   Data          36  main.o(.bss)
    hadc1                                    0x20000464   Data         100  main.o(.bss)
    hi2c2                                    0x200004c8   Data          76  main.o(.bss)
    hrtc                                     0x20000514   Data          44  main.o(.bss)
    htim3                                    0x20000540   Data          64  main.o(.bss)
    huart1                                   0x20000580   Data         140  main.o(.bss)
    huart2                                   0x2000060c   Data         140  main.o(.bss)
    huart3                                   0x20000698   Data         140  main.o(.bss)
    huart4                                   0x20000724   Data         140  main.o(.bss)
    hdma_adc1                                0x200007b0   Data          92  main.o(.bss)
    __initial_sp                             0x20000c10   Data           0  startup_stm32g070xx.o(STACK)



==============================================================================

Memory Map of the image

  Image Entry point : 0x080000b9

  Load Region LR_IROM1 (Base: 0x08000000, Size: 0x00004f28, Max: 0x00020000, ABSOLUTE)

    Execution Region ER_IROM1 (Exec base: 0x08000000, Load base: 0x08000000, Size: 0x00004ea8, Max: 0x00020000, ABSOLUTE)

    Exec Addr    Load Addr    Size         Type   Attr      Idx    E Section Name        Object

    0x08000000   0x08000000   0x000000b8   Data   RO            3    RESET               startup_stm32g070xx.o
    0x080000b8   0x080000b8   0x00000000   Code   RO         4631  * .ARM.Collect$$$$00000000  mc_p.l(entry.o)
    0x080000b8   0x080000b8   0x00000004   Code   RO         4668    .ARM.Collect$$$$00000001  mc_p.l(entry2.o)
    0x080000bc   0x080000bc   0x00000004   Code   RO         4671    .ARM.Collect$$$$00000004  mc_p.l(entry5.o)
    0x080000c0   0x080000c0   0x00000000   Code   RO         4673    .ARM.Collect$$$$00000008  mc_p.l(entry7b.o)
    0x080000c0   0x080000c0   0x00000000   Code   RO         4675    .ARM.Collect$$$$0000000A  mc_p.l(entry8b.o)
    0x080000c0   0x080000c0   0x00000008   Code   RO         4676    .ARM.Collect$$$$0000000B  mc_p.l(entry9a.o)
    0x080000c8   0x080000c8   0x00000004   Code   RO         4683    .ARM.Collect$$$$0000000E  mc_p.l(entry12b.o)
    0x080000cc   0x080000cc   0x00000000   Code   RO         4678    .ARM.Collect$$$$0000000F  mc_p.l(entry10a.o)
    0x080000cc   0x080000cc   0x00000000   Code   RO         4680    .ARM.Collect$$$$00000011  mc_p.l(entry11a.o)
    0x080000cc   0x080000cc   0x00000004   Code   RO         4669    .ARM.Collect$$$$00002712  mc_p.l(entry2.o)
    0x080000d0   0x080000d0   0x0000001c   Code   RO            4    .text               startup_stm32g070xx.o
    0x080000ec   0x080000ec   0x0000002c   Code   RO         4634    .text               mc_p.l(uidiv.o)
    0x08000118   0x08000118   0x00000028   Code   RO         4636    .text               mc_p.l(idiv.o)
    0x08000140   0x08000140   0x00000024   Code   RO         4638    .text               mc_p.l(memseta.o)
    0x08000164   0x08000164   0x000000b2   Code   RO         4640    .text               mf_p.l(fadd.o)
    0x08000216   0x08000216   0x0000007a   Code   RO         4642    .text               mf_p.l(fmul.o)
    0x08000290   0x08000290   0x0000007c   Code   RO         4644    .text               mf_p.l(fdiv.o)
    0x0800030c   0x0800030c   0x00000018   Code   RO         4646    .text               mf_p.l(fscalb.o)
    0x08000324   0x08000324   0x000000d0   Code   RO         4648    .text               mf_p.l(dmul.o)
    0x080003f4   0x080003f4   0x00000016   Code   RO         4650    .text               mf_p.l(fflti.o)
    0x0800040a   0x0800040a   0x0000000e   Code   RO         4652    .text               mf_p.l(ffltui.o)
    0x08000418   0x08000418   0x0000001c   Code   RO         4654    .text               mf_p.l(dfltui.o)
    0x08000434   0x08000434   0x00000032   Code   RO         4656    .text               mf_p.l(ffixi.o)
    0x08000466   0x08000466   0x00000028   Code   RO         4658    .text               mf_p.l(ffixui.o)
    0x0800048e   0x0800048e   0x00000028   Code   RO         4660    .text               mf_p.l(f2d.o)
    0x080004b6   0x080004b6   0x00000038   Code   RO         4662    .text               mf_p.l(d2f.o)
    0x080004ee   0x080004ee   0x00000002   PAD
    0x080004f0   0x080004f0   0x00000014   Code   RO         4664    .text               mf_p.l(cfcmple.o)
    0x08000504   0x08000504   0x00000014   Code   RO         4666    .text               mf_p.l(cfrcmple.o)
    0x08000518   0x08000518   0x00000000   Code   RO         4691    .text               mc_p.l(iusefp.o)
    0x08000518   0x08000518   0x00000082   Code   RO         4692    .text               mf_p.l(fepilogue.o)
    0x0800059a   0x0800059a   0x000000be   Code   RO         4694    .text               mf_p.l(depilogue.o)
    0x08000658   0x08000658   0x000000a2   Code   RO         4698    .text               mf_p.l(dsqrt.o)
    0x080006fa   0x080006fa   0x00000002   PAD
    0x080006fc   0x080006fc   0x00000024   Code   RO         4702    .text               mc_p.l(init.o)
    0x08000720   0x08000720   0x00000020   Code   RO         4704    .text               mc_p.l(llshl.o)
    0x08000740   0x08000740   0x00000022   Code   RO         4706    .text               mc_p.l(llushr.o)
    0x08000762   0x08000762   0x0000007e   Code   RO          885    i.ADC_DMAConvCplt   stm32g0xx_hal_adc.o
    0x080007e0   0x080007e0   0x0000001a   Code   RO          886    i.ADC_DMAError      stm32g0xx_hal_adc.o
    0x080007fa   0x080007fa   0x0000000a   Code   RO          887    i.ADC_DMAHalfConvCplt  stm32g0xx_hal_adc.o
    0x08000804   0x08000804   0x00000088   Code   RO          889    i.ADC_Enable        stm32g0xx_hal_adc.o
    0x0800088c   0x0800088c   0x0000018c   Code   RO           67    i.Adc_Sample_Calculations  rms.o
    0x08000a18   0x08000a18   0x00000010   Code   RO          675    i.DMA1_Channel1_IRQHandler  stm32g0xx_it.o
    0x08000a28   0x08000a28   0x00000030   Code   RO         3882    i.DMA_CalcDMAMUXChannelBaseAndMask  stm32g0xx_hal_dma.o
    0x08000a58   0x08000a58   0x00000024   Code   RO         3883    i.DMA_CalcDMAMUXRequestGenBaseAndMask  stm32g0xx_hal_dma.o
    0x08000a7c   0x08000a7c   0x00000048   Code   RO         3884    i.DMA_SetConfig     stm32g0xx_hal_dma.o
    0x08000ac4   0x08000ac4   0x00000002   Code   RO          565    i.Error_Handler     main.o
    0x08000ac6   0x08000ac6   0x00000002   PAD
    0x08000ac8   0x08000ac8   0x00000020   Code   RO          279    i.FULL_LOAD_CURRENT  motor_protection.o
    0x08000ae8   0x08000ae8   0x00000238   Code   RO          891    i.HAL_ADC_ConfigChannel  stm32g0xx_hal_adc.o
    0x08000d20   0x08000d20   0x0000003c   Code   RO          566    i.HAL_ADC_ConvCpltCallback  main.o
    0x08000d5c   0x08000d5c   0x00000002   Code   RO          893    i.HAL_ADC_ConvHalfCpltCallback  stm32g0xx_hal_adc.o
    0x08000d5e   0x08000d5e   0x00000002   Code   RO          895    i.HAL_ADC_ErrorCallback  stm32g0xx_hal_adc.o
    0x08000d60   0x08000d60   0x00000268   Code   RO          900    i.HAL_ADC_Init      stm32g0xx_hal_adc.o
    0x08000fc8   0x08000fc8   0x000000c0   Code   RO          736    i.HAL_ADC_MspInit   stm32g0xx_hal_msp.o
    0x08001088   0x08001088   0x000000b8   Code   RO          907    i.HAL_ADC_Start_DMA  stm32g0xx_hal_adc.o
    0x08001140   0x08001140   0x000000c4   Code   RO         3890    i.HAL_DMA_IRQHandler  stm32g0xx_hal_dma.o
    0x08001204   0x08001204   0x000000a4   Code   RO         3891    i.HAL_DMA_Init      stm32g0xx_hal_dma.o
    0x080012a8   0x080012a8   0x00000098   Code   RO         3895    i.HAL_DMA_Start_IT  stm32g0xx_hal_dma.o
    0x08001340   0x08001340   0x00000024   Code   RO         4340    i.HAL_Delay         stm32g0xx_hal.o
    0x08001364   0x08001364   0x00000134   Code   RO          820    i.HAL_GPIO_Init     stm32g0xx_hal_gpio.o
    0x08001498   0x08001498   0x0000000c   Code   RO          824    i.HAL_GPIO_WritePin  stm32g0xx_hal_gpio.o
    0x080014a4   0x080014a4   0x0000000c   Code   RO         4344    i.HAL_GetTick       stm32g0xx_hal.o
    0x080014b0   0x080014b0   0x0000004e   Code   RO         1617    i.HAL_I2CEx_ConfigAnalogFilter  stm32g0xx_hal_i2c_ex.o
    0x080014fe   0x080014fe   0x0000004c   Code   RO         1618    i.HAL_I2CEx_ConfigDigitalFilter  stm32g0xx_hal_i2c_ex.o
    0x0800154a   0x0800154a   0x00000002   PAD
    0x0800154c   0x0800154c   0x000000bc   Code   RO         1175    i.HAL_I2C_Init      stm32g0xx_hal_i2c.o
    0x08001608   0x08001608   0x00000174   Code   RO         1193    i.HAL_I2C_Mem_Read  stm32g0xx_hal_i2c.o
    0x0800177c   0x0800177c   0x0000016c   Code   RO         1196    i.HAL_I2C_Mem_Write  stm32g0xx_hal_i2c.o
    0x080018e8   0x080018e8   0x00000064   Code   RO          738    i.HAL_I2C_MspInit   stm32g0xx_hal_msp.o
    0x0800194c   0x0800194c   0x00000010   Code   RO         4350    i.HAL_IncTick       stm32g0xx_hal.o
    0x0800195c   0x0800195c   0x00000028   Code   RO         4351    i.HAL_Init          stm32g0xx_hal.o
    0x08001984   0x08001984   0x00000050   Code   RO         4352    i.HAL_InitTick      stm32g0xx_hal.o
    0x080019d4   0x080019d4   0x0000002c   Code   RO          739    i.HAL_MspInit       stm32g0xx_hal_msp.o
    0x08001a00   0x08001a00   0x00000014   Code   RO         4228    i.HAL_NVIC_EnableIRQ  stm32g0xx_hal_cortex.o
    0x08001a14   0x08001a14   0x00000008   Code   RO         4232    i.HAL_NVIC_SetPriority  stm32g0xx_hal_cortex.o
    0x08001a1c   0x08001a1c   0x0000004c   Code   RO         4113    i.HAL_PWREx_ControlVoltageScaling  stm32g0xx_hal_pwr_ex.o
    0x08001a68   0x08001a68   0x0000017c   Code   RO         3642    i.HAL_RCCEx_PeriphCLKConfig  stm32g0xx_hal_rcc_ex.o
    0x08001be4   0x08001be4   0x00000174   Code   RO         3532    i.HAL_RCC_ClockConfig  stm32g0xx_hal_rcc.o
    0x08001d58   0x08001d58   0x0000000c   Code   RO         3538    i.HAL_RCC_GetHCLKFreq  stm32g0xx_hal_rcc.o
    0x08001d64   0x08001d64   0x00000028   Code   RO         3540    i.HAL_RCC_GetPCLK1Freq  stm32g0xx_hal_rcc.o
    0x08001d8c   0x08001d8c   0x0000009c   Code   RO         3541    i.HAL_RCC_GetSysClockFreq  stm32g0xx_hal_rcc.o
    0x08001e28   0x08001e28   0x00000428   Code   RO         3545    i.HAL_RCC_OscConfig  stm32g0xx_hal_rcc.o
    0x08002250   0x08002250   0x00000098   Code   RO         3436    i.HAL_RS485Ex_Init  stm32g0xx_hal_uart_ex.o
    0x080022e8   0x080022e8   0x000000a4   Code   RO         1675    i.HAL_RTC_Init      stm32g0xx_hal_rtc.o
    0x0800238c   0x0800238c   0x00000034   Code   RO          741    i.HAL_RTC_MspInit   stm32g0xx_hal_msp.o
    0x080023c0   0x080023c0   0x00000034   Code   RO         1683    i.HAL_RTC_WaitForSynchro  stm32g0xx_hal_rtc.o
    0x080023f4   0x080023f4   0x00000030   Code   RO         4236    i.HAL_SYSTICK_Config  stm32g0xx_hal_cortex.o
    0x08002424   0x08002424   0x00000002   Code   RO         2775    i.HAL_TIMEx_Break2Callback  stm32g0xx_hal_tim_ex.o
    0x08002426   0x08002426   0x00000002   Code   RO         2776    i.HAL_TIMEx_BreakCallback  stm32g0xx_hal_tim_ex.o
    0x08002428   0x08002428   0x00000002   Code   RO         2777    i.HAL_TIMEx_CommutCallback  stm32g0xx_hal_tim_ex.o
    0x0800242a   0x0800242a   0x00000002   PAD
    0x0800242c   0x0800242c   0x00000050   Code   RO         2797    i.HAL_TIMEx_MasterConfigSynchronization  stm32g0xx_hal_tim_ex.o
    0x0800247c   0x0800247c   0x00000036   Code   RO         2081    i.HAL_TIM_Base_Init  stm32g0xx_hal_tim.o
    0x080024b2   0x080024b2   0x00000002   PAD
    0x080024b4   0x080024b4   0x00000034   Code   RO          743    i.HAL_TIM_Base_MspInit  stm32g0xx_hal_msp.o
    0x080024e8   0x080024e8   0x00000030   Code   RO         2084    i.HAL_TIM_Base_Start  stm32g0xx_hal_tim.o
    0x08002518   0x08002518   0x000000e4   Code   RO         2090    i.HAL_TIM_ConfigClockSource  stm32g0xx_hal_tim.o
    0x080025fc   0x080025fc   0x00000002   Code   RO         2110    i.HAL_TIM_IC_CaptureCallback  stm32g0xx_hal_tim.o
    0x080025fe   0x080025fe   0x00000002   PAD
    0x08002600   0x08002600   0x0000018c   Code   RO         2124    i.HAL_TIM_IRQHandler  stm32g0xx_hal_tim.o
    0x0800278c   0x0800278c   0x00000002   Code   RO         2127    i.HAL_TIM_OC_DelayElapsedCallback  stm32g0xx_hal_tim.o
    0x0800278e   0x0800278e   0x00000002   Code   RO         2154    i.HAL_TIM_PWM_PulseFinishedCallback  stm32g0xx_hal_tim.o
    0x08002790   0x08002790   0x00000002   Code   RO         2162    i.HAL_TIM_PeriodElapsedCallback  stm32g0xx_hal_tim.o
    0x08002792   0x08002792   0x00000002   Code   RO         2167    i.HAL_TIM_TriggerCallback  stm32g0xx_hal_tim.o
    0x08002794   0x08002794   0x00000042   Code   RO         3437    i.HAL_UARTEx_DisableFifoMode  stm32g0xx_hal_uart_ex.o
    0x080027d6   0x080027d6   0x0000004c   Code   RO         3442    i.HAL_UARTEx_SetRxFifoThreshold  stm32g0xx_hal_uart_ex.o
    0x08002822   0x08002822   0x0000004a   Code   RO         3443    i.HAL_UARTEx_SetTxFifoThreshold  stm32g0xx_hal_uart_ex.o
    0x0800286c   0x0800286c   0x00000076   Code   RO         3084    i.HAL_UART_Init     stm32g0xx_hal_uart.o
    0x080028e2   0x080028e2   0x00000002   PAD
    0x080028e4   0x080028e4   0x00000140   Code   RO          745    i.HAL_UART_MspInit  stm32g0xx_hal_msp.o
    0x08002a24   0x08002a24   0x00000002   Code   RO          676    i.HardFault_Handler  stm32g0xx_it.o
    0x08002a26   0x08002a26   0x00000022   Code   RO         1222    i.I2C_Flush_TXDR    stm32g0xx_hal_i2c.o
    0x08002a48   0x08002a48   0x00000080   Code   RO         1230    i.I2C_IsAcknowledgeFailed  stm32g0xx_hal_i2c.o
    0x08002ac8   0x08002ac8   0x00000074   Code   RO         1233    i.I2C_RequestMemoryRead  stm32g0xx_hal_i2c.o
    0x08002b3c   0x08002b3c   0x00000074   Code   RO         1234    i.I2C_RequestMemoryWrite  stm32g0xx_hal_i2c.o
    0x08002bb0   0x08002bb0   0x00000028   Code   RO         1237    i.I2C_TransferConfig  stm32g0xx_hal_i2c.o
    0x08002bd8   0x08002bd8   0x0000004e   Code   RO         1238    i.I2C_WaitOnFlagUntilTimeout  stm32g0xx_hal_i2c.o
    0x08002c26   0x08002c26   0x0000004e   Code   RO         1240    i.I2C_WaitOnSTOPFlagUntilTimeout  stm32g0xx_hal_i2c.o
    0x08002c74   0x08002c74   0x00000052   Code   RO         1241    i.I2C_WaitOnTXISFlagUntilTimeout  stm32g0xx_hal_i2c.o
    0x08002cc6   0x08002cc6   0x00000008   Code   RO          912    i.LL_ADC_IsEnabled  stm32g0xx_hal_adc.o
    0x08002cce   0x08002cce   0x00000008   Code   RO          913    i.LL_ADC_REG_IsConversionOngoing  stm32g0xx_hal_adc.o
    0x08002cd6   0x08002cd6   0x00000010   Code   RO          914    i.LL_ADC_REG_IsTriggerSourceSWStart  stm32g0xx_hal_adc.o
    0x08002ce6   0x08002ce6   0x0000000e   Code   RO          916    i.LL_ADC_SetCommonPathInternalCh  stm32g0xx_hal_adc.o
    0x08002cf4   0x08002cf4   0x00000016   Code   RO          917    i.LL_ADC_SetSamplingTimeCommonChannels  stm32g0xx_hal_adc.o
    0x08002d0a   0x08002d0a   0x00000002   PAD
    0x08002d0c   0x08002d0c   0x00000144   Code   RO          567    i.MX_ADC1_Init      main.o
    0x08002e50   0x08002e50   0x00000028   Code   RO          568    i.MX_DMA_Init       main.o
    0x08002e78   0x08002e78   0x0000018c   Code   RO          569    i.MX_GPIO_Init      main.o
    0x08003004   0x08003004   0x00000058   Code   RO          570    i.MX_I2C2_Init      main.o
    0x0800305c   0x0800305c   0x00000038   Code   RO          571    i.MX_RTC_Init       main.o
    0x08003094   0x08003094   0x0000006c   Code   RO          572    i.MX_TIM3_Init      main.o
    0x08003100   0x08003100   0x0000006c   Code   RO          573    i.MX_USART1_UART_Init  main.o
    0x0800316c   0x0800316c   0x0000006c   Code   RO          574    i.MX_USART2_UART_Init  main.o
    0x080031d8   0x080031d8   0x00000044   Code   RO          575    i.MX_USART3_UART_Init  main.o
    0x0800321c   0x0800321c   0x0000003c   Code   RO          576    i.MX_USART4_UART_Init  main.o
    0x08003258   0x08003258   0x00000002   Code   RO          677    i.NMI_Handler       stm32g0xx_it.o
    0x0800325a   0x0800325a   0x00000002   PAD
    0x0800325c   0x0800325c   0x00000020   Code   RO          280    i.NOMINAL_VOLTAGE   motor_protection.o
    0x0800327c   0x0800327c   0x00000044   Code   RO         4238    i.NVIC_SetPriority  stm32g0xx_hal_cortex.o
    0x080032c0   0x080032c0   0x0000000c   Code   RO          234    i.PT24xx_init       pt24xx.o
    0x080032cc   0x080032cc   0x0000004c   Code   RO          235    i.PT24xx_read       pt24xx.o
    0x08003318   0x08003318   0x00000040   Code   RO          236    i.PT24xx_write      pt24xx.o
    0x08003358   0x08003358   0x00000002   Code   RO          678    i.PendSV_Handler    stm32g0xx_it.o
    0x0800335a   0x0800335a   0x00000046   Code   RO         1686    i.RTC_EnterInitMode  stm32g0xx_hal_rtc.o
    0x080033a0   0x080033a0   0x00000050   Code   RO         1687    i.RTC_ExitInitMode  stm32g0xx_hal_rtc.o
    0x080033f0   0x080033f0   0x00000070   Code   RO           13    i.Read_Eeprom_Data  rms.o
    0x08003460   0x08003460   0x000002a4   Code   RO           14    i.Rms_Calculations  rms.o
    0x08003704   0x08003704   0x00000002   Code   RO          679    i.SVC_Handler       stm32g0xx_it.o
    0x08003706   0x08003706   0x00000002   PAD
    0x08003708   0x08003708   0x000000d8   Code   RO           73    i.Store_Adc_Data    rms.o
    0x080037e0   0x080037e0   0x00000008   Code   RO          680    i.SysTick_Handler   stm32g0xx_it.o
    0x080037e8   0x080037e8   0x000000a4   Code   RO          577    i.SystemClock_Config  main.o
    0x0800388c   0x0800388c   0x00000010   Code   RO         4592    i.SystemInit        system_stm32g0xx.o
    0x0800389c   0x0800389c   0x00000010   Code   RO          681    i.TIM3_IRQHandler   stm32g0xx_it.o
    0x080038ac   0x080038ac   0x00000088   Code   RO         2169    i.TIM_Base_SetConfig  stm32g0xx_hal_tim.o
    0x08003934   0x08003934   0x00000016   Code   RO         2180    i.TIM_ETR_SetConfig  stm32g0xx_hal_tim.o
    0x0800394a   0x0800394a   0x00000002   PAD
    0x0800394c   0x0800394c   0x00000014   Code   RO         2181    i.TIM_ITRx_SetConfig  stm32g0xx_hal_tim.o
    0x08003960   0x08003960   0x00000022   Code   RO         2189    i.TIM_TI1_ConfigInputStage  stm32g0xx_hal_tim.o
    0x08003982   0x08003982   0x00000026   Code   RO         2191    i.TIM_TI2_ConfigInputStage  stm32g0xx_hal_tim.o
    0x080039a8   0x080039a8   0x00000064   Code   RO         3447    i.UARTEx_SetNbDataToProcess  stm32g0xx_hal_uart_ex.o
    0x08003a0c   0x08003a0c   0x000000ca   Code   RO         3097    i.UART_AdvFeatureConfig  stm32g0xx_hal_uart.o
    0x08003ad6   0x08003ad6   0x00000002   PAD
    0x08003ad8   0x08003ad8   0x00000068   Code   RO         3098    i.UART_CheckIdleState  stm32g0xx_hal_uart.o
    0x08003b40   0x08003b40   0x00000544   Code   RO         3116    i.UART_SetConfig    stm32g0xx_hal_uart.o
    0x08004084   0x08004084   0x00000066   Code   RO         3121    i.UART_WaitOnFlagUntilTimeout  stm32g0xx_hal_uart.o
    0x080040ea   0x080040ea   0x00000002   PAD
    0x080040ec   0x080040ec   0x0000008c   Code   RO           16    i._ProcessFrequencyCalculation  rms.o
    0x08004178   0x08004178   0x0000002e   Code   RO         4696    i.__ARM_clz         mf_p.l(depilogue.o)
    0x080041a6   0x080041a6   0x0000000e   Code   RO         4710    i.__scatterload_copy  mc_p.l(handlers.o)
    0x080041b4   0x080041b4   0x00000002   Code   RO         4711    i.__scatterload_null  mc_p.l(handlers.o)
    0x080041b6   0x080041b6   0x0000000e   Code   RO         4712    i.__scatterload_zeroinit  mc_p.l(handlers.o)
    0x080041c4   0x080041c4   0x0000000c   Code   RO         4686    i.__set_errno       mc_p.l(errno.o)
    0x080041d0   0x080041d0   0x00000028   Code   RO          578    i.adc_init          main.o
    0x080041f8   0x080041f8   0x0000009c   Code   RO          281    i.alarmRelay        motor_protection.o
    0x08004294   0x08004294   0x000000c0   Code   RO          517    i.button_scanEvent  button.o
    0x08004354   0x08004354   0x00000006   Code   RO          282    i.capture_fault_data  motor_protection.o
    0x0800435a   0x0800435a   0x00000002   PAD
    0x0800435c   0x0800435c   0x000000ac   Code   RO          283    i.check_Motor_status  motor_protection.o
    0x08004408   0x08004408   0x0000000e   Code   RO          284    i.check_min_max_limit  motor_protection.o
    0x08004416   0x08004416   0x00000002   PAD
    0x08004418   0x08004418   0x00000020   Code   RO          285    i.clear_fault       motor_protection.o
    0x08004438   0x08004438   0x00000018   Code   RO          286    i.clear_flag        motor_protection.o
    0x08004450   0x08004450   0x0000002c   Code   RO          288    i.current_related_fault  motor_protection.o
    0x0800447c   0x0800447c   0x0000009c   Code   RO           17    i.current_select_line  rms.o
    0x08004518   0x08004518   0x000000f4   Code   RO          289    i.delaySelect       motor_protection.o
    0x0800460c   0x0800460c   0x00000026   Code   RO          476    i.extact_data       setup.o
    0x08004632   0x08004632   0x00000036   Code   RO          290    i.find_max          motor_protection.o
    0x08004668   0x08004668   0x00000036   Code   RO          291    i.find_min          motor_protection.o
    0x0800469e   0x0800469e   0x00000002   PAD
    0x080046a0   0x080046a0   0x00000014   Code   RO          580    i.hardware_init     main.o
    0x080046b4   0x080046b4   0x00000064   Code   RO          477    i.initialised_default_setup  setup.o
    0x08004718   0x08004718   0x00000078   Code   RO          292    i.isOverCurr        motor_protection.o
    0x08004790   0x08004790   0x00000078   Code   RO          293    i.isOverVolt        motor_protection.o
    0x08004808   0x08004808   0x00000048   Code   RO          294    i.isPhaseFailueVolt  motor_protection.o
    0x08004850   0x08004850   0x0000007c   Code   RO          295    i.isPhaseUnbalanceCurr  motor_protection.o
    0x080048cc   0x080048cc   0x0000007c   Code   RO          296    i.isPhaseUnbalanceVolt  motor_protection.o
    0x08004948   0x08004948   0x0000007c   Code   RO          297    i.isProlongStartCurr  motor_protection.o
    0x080049c4   0x080049c4   0x0000007c   Code   RO          298    i.isRotorLockCurr   motor_protection.o
    0x08004a40   0x08004a40   0x00000078   Code   RO          299    i.isUnderCurr       motor_protection.o
    0x08004ab8   0x08004ab8   0x00000078   Code   RO          300    i.isUnderVolt       motor_protection.o
    0x08004b30   0x08004b30   0x000000c4   Code   RO          301    i.is_ok_pre_Start_Motor_Fault_Check  motor_protection.o
    0x08004bf4   0x08004bf4   0x0000005c   Code   RO          581    i.main              main.o
    0x08004c50   0x08004c50   0x00000038   Code   RO          302    i.motorFunctions    motor_protection.o
    0x08004c88   0x08004c88   0x00000034   Code   RO          303    i.motor_alarm_relay  motor_protection.o
    0x08004cbc   0x08004cbc   0x0000001c   Code   RO          304    i.motor_default_status  motor_protection.o
    0x08004cd8   0x08004cd8   0x00000034   Code   RO          305    i.motor_trip_relay  motor_protection.o
    0x08004d0c   0x08004d0c   0x00000002   Code   RO          306    i.other_related_fault  motor_protection.o
    0x08004d0e   0x08004d0e   0x00000002   PAD
    0x08004d10   0x08004d10   0x00000048   Code   RO         4624    i.sqrt              m_ps.l(sqrt.o)
    0x08004d58   0x08004d58   0x00000080   Code   RO          309    i.tripRelay         motor_protection.o
    0x08004dd8   0x08004dd8   0x00000010   Code   RO          520    i.ui_isButtonNormalPressed  button.o
    0x08004de8   0x08004de8   0x00000020   Code   RO          310    i.voltage_related_fault  motor_protection.o
    0x08004e08   0x08004e08   0x00000020   Data   RO          522    .constdata          button.o
    0x08004e28   0x08004e28   0x00000040   Data   RO         4593    .constdata          system_stm32g0xx.o
    0x08004e68   0x08004e68   0x00000020   Data   RO         4594    .constdata          system_stm32g0xx.o
    0x08004e88   0x08004e88   0x00000020   Data   RO         4708    Region$$Table       anon$$obj.o


    Execution Region RW_IRAM1 (Exec base: 0x20000000, Load base: 0x08004ea8, Size: 0x00000c10, Max: 0x00009000, ABSOLUTE)

    Exec Addr    Load Addr    Size         Type   Attr      Idx    E Section Name        Object

    0x20000000   0x08004ea8   0x00000018   Data   RW           21    .data               rms.o
    0x20000018   0x08004ec0   0x00000008   Data   RW          237    .data               pt24xx.o
    0x20000020   0x08004ec8   0x0000000c   Data   RW          313    .data               motor_protection.o
    0x2000002c   0x08004ed4   0x00000032   Data   RW          523    .data               button.o
    0x2000005e   0x08004f06   0x00000008   Data   RW          584    .data               main.o
    0x20000066   0x08004f0e   0x00000002   PAD
    0x20000068   0x08004f10   0x0000000c   Data   RW         4363    .data               stm32g0xx_hal.o
    0x20000074   0x08004f1c   0x00000004   Data   RW         4595    .data               system_stm32g0xx.o
    0x20000078   0x08004f20   0x00000004   Data   RW         4687    .data               mc_p.l(errno.o)
    0x2000007c   0x08004f24   0x00000001   Data   RW           79    .data__ZZ23Adc_Sample_CalculationsE12volt_Curr_Id  rms.o
    0x2000007d   0x08004f25   0x00000001   Data   RW           80    .data__ZZ23Adc_Sample_CalculationsE15volt_delay90Idx  rms.o
    0x2000007e   0x08004f26   0x00000002   PAD
    0x20000080        -       0x000002d0   Zero   RW           19    .bss                rms.o
    0x20000350        -       0x00000048   Zero   RW          311    .bss                motor_protection.o
    0x20000398        -       0x000000a8   Zero   RW          480    .bss                setup.o
    0x20000440        -       0x00000370   Zero   RW          582    .bss                main.o
    0x200007b0        -       0x0000005c   Zero   RW          583    .bss                main.o
    0x2000080c   0x08004f26   0x00000004   PAD
    0x20000810        -       0x00000400   Zero   RW            1    STACK               startup_stm32g070xx.o


==============================================================================

Image component sizes


      Code (inc. data)   RO Data    RW Data    ZI Data      Debug   Object Name

       208         14         32         50          0       2189   button.o
      1734        182          0          8        972       9116   main.o
      2458        224          0         12         72      18130   motor_protection.o
       152         12          0          8          0       2407   pt24xx.o
      1696        106          0         26        720     440964   rms.o
       138         28          0          0        168       1616   setup.o
        28          8        184          0       1024        596   startup_stm32g070xx.o
       184         26          0         12          0       3581   stm32g0xx_hal.o
      1738         86          0          0          0      42499   stm32g0xx_hal_adc.o
       144         24          0          0          0      10529   stm32g0xx_hal_cortex.o
       668         34          0          0          0       4607   stm32g0xx_hal_dma.o
       320         16          0          0          0       2168   stm32g0xx_hal_gpio.o
      1596         40          0          0          0      11322   stm32g0xx_hal_i2c.o
       154          0          0          0          0       1903   stm32g0xx_hal_i2c_ex.o
       760         94          0          0          0       4330   stm32g0xx_hal_msp.o
        76         14          0          0          0        726   stm32g0xx_hal_pwr_ex.o
      1644         84          0          0          0      21257   stm32g0xx_hal_rcc.o
       380         12          0          0          0       1584   stm32g0xx_hal_rcc_ex.o
       366         10          0          0          0       3095   stm32g0xx_hal_rtc.o
       986         46          0          0          0       9320   stm32g0xx_hal_tim.o
        86          4          0          0          0       2824   stm32g0xx_hal_tim_ex.o
      1874         42          0          0          0       5837   stm32g0xx_hal_uart.o
       468         22          0          0          0       4432   stm32g0xx_hal_uart_ex.o
        48         12          0          0          0       2828   stm32g0xx_it.o
        16          6         96          4          0       1039   system_stm32g0xx.o

    ----------------------------------------------------------------------
     17954       1146        344        124       2960     608899   Object Totals
         0          0         32          0          0          0   (incl. Generated)
        32          0          0          4          4          0   (incl. Padding)

    ----------------------------------------------------------------------

      Code (inc. data)   RO Data    RW Data    ZI Data      Debug   Library Member Name

        72          6          0          0          0         76   sqrt.o
         0          0          0          0          0          0   entry.o
         0          0          0          0          0          0   entry10a.o
         0          0          0          0          0          0   entry11a.o
         4          0          0          0          0          0   entry12b.o
         8          4          0          0          0          0   entry2.o
         4          0          0          0          0          0   entry5.o
         0          0          0          0          0          0   entry7b.o
         0          0          0          0          0          0   entry8b.o
         8          4          0          0          0          0   entry9a.o
        12          6          0          4          0         60   errno.o
        30          0          0          0          0          0   handlers.o
        40          0          0          0          0         72   idiv.o
        36          8          0          0          0         68   init.o
         0          0          0          0          0          0   iusefp.o
        32          0          0          0          0         68   llshl.o
        34          0          0          0          0         68   llushr.o
        36          0          0          0          0        100   memseta.o
        44          0          0          0          0         72   uidiv.o
        20          0          0          0          0         68   cfcmple.o
        20          0          0          0          0         68   cfrcmple.o
        56          0          0          0          0         68   d2f.o
       236          0          0          0          0        216   depilogue.o
        28          4          0          0          0         68   dfltui.o
       208          6          0          0          0         88   dmul.o
       162          0          0          0          0         80   dsqrt.o
        40          0          0          0          0         60   f2d.o
       178          0          0          0          0        108   fadd.o
       124          0          0          0          0         72   fdiv.o
       130          0          0          0          0        144   fepilogue.o
        50          0          0          0          0         60   ffixi.o
        40          0          0          0          0         60   ffixui.o
        22          0          0          0          0         68   fflti.o
        14          0          0          0          0         68   ffltui.o
       122          0          0          0          0         72   fmul.o
        24          0          0          0          0         60   fscalb.o

    ----------------------------------------------------------------------
      1838         38          0          4          0       2012   Library Totals
         4          0          0          0          0          0   (incl. Padding)

    ----------------------------------------------------------------------

      Code (inc. data)   RO Data    RW Data    ZI Data      Debug   Library Name

        72          6          0          0          0         76   m_ps.l
       288         22          0          4          0        508   mc_p.l
      1474         10          0          0          0       1428   mf_p.l

    ----------------------------------------------------------------------
      1838         38          0          4          0       2012   Library Totals

    ----------------------------------------------------------------------

==============================================================================


      Code (inc. data)   RO Data    RW Data    ZI Data      Debug   

     19792       1184        344        128       2960     603435   Grand Totals
     19792       1184        344        128       2960     603435   ELF Image Totals
     19792       1184        344        128          0          0   ROM Totals

==============================================================================

    Total RO  Size (Code + RO Data)                20136 (  19.66kB)
    Total RW  Size (RW Data + ZI Data)              3088 (   3.02kB)
    Total ROM Size (Code + RO Data + RW Data)      20264 (  19.79kB)

==============================================================================

