<html>
<body>
<pre>
<h1>µVision Build Log</h1>
<h2>Tool Versions:</h2>
IDE-Version: µVision V5.32.0.0
Copyright (C) 2020 ARM Ltd and ARM Germany GmbH. All rights reserved.
License Information: sas asa, asas, LIC=----
 
Tool Versions:
Toolchain:       MDK-Lite  Version: 5.32.0.0
Toolchain Path:  C:\Keil_v5\ARM\ARMCC\Bin
C Compiler:      Armcc.exe V5.06 update 7 (build 960)
Assembler:       Armasm.exe V5.06 update 7 (build 960)
Linker/Locator:  ArmLink.exe V5.06 update 7 (build 960)
Library Manager: ArmAr.exe V5.06 update 7 (build 960)
Hex Converter:   FromElf.exe V5.06 update 7 (build 960)
CPU DLL:         SARMCM3.DLL V5.32.0.0
Dialog DLL:      DARMCM1.DLL V1.19.4.0
Target DLL:      STLink\ST-LINKIII-KEIL_SWO.dll V3.0.8.0
Dialog DLL:      TARMCM1.DLL V1.14.3.0
 
<h2>Project:</h2>
D:\Nagoba\MPR\MRP-NGB\MDK-ARM\MPR.uvprojx
Project File Date:  07/02/2022

<h2>Output:</h2>
*** Using Compiler 'V5.06 update 7 (build 960)', folder: 'C:\Keil_v5\ARM\ARMCC\Bin'
Rebuild target 'MPR'
assembling startup_stm32g070xx.s...
compiling pt24xx.c...
..\Core\Store\eeprom_addr.h(18): warning:  #1-D: last line of file ends without a newline
  #endif
..\Core\Store\pt24xx.c: 1 warning, 0 errors
compiling main.c...
../Core/Src/main.c(281): warning:  #188-D: enumerated type mixed with another type
    hadc1.Init.LowPowerAutoWait = DISABLE;
../Core/Src/main.c(282): warning:  #188-D: enumerated type mixed with another type
    hadc1.Init.LowPowerAutoPowerOff = DISABLE;
../Core/Src/main.c(283): warning:  #188-D: enumerated type mixed with another type
    hadc1.Init.ContinuousConvMode = DISABLE;
../Core/Src/main.c(285): warning:  #188-D: enumerated type mixed with another type
    hadc1.Init.DiscontinuousConvMode = DISABLE;
../Core/Src/main.c(288): warning:  #188-D: enumerated type mixed with another type
    hadc1.Init.DMAContinuousRequests = ENABLE;
../Core/Src/main.c(292): warning:  #188-D: enumerated type mixed with another type
    hadc1.Init.OversamplingMode = DISABLE;
../Core/Src/main.c: 6 warnings, 0 errors
compiling rms.c...
..\Core\Store\eeprom_addr.h(18): warning:  #1-D: last line of file ends without a newline
  #endif
..\Core\Core\rms.c(228): warning:  #188-D: enumerated type mixed with another type
  	for(phase=0; phase< TOTAL_PHASE;phase++)
..\Core\Core\rms.c(299): warning:  #188-D: enumerated type mixed with another type
  	for(phase=0; phase<TL_NO_PHASE;phase++)
..\Core\Core\rms.c(359): warning:  #188-D: enumerated type mixed with another type
  	for(phase=0; phase<	TL_NO_PHASE;phase++)
..\Core\Core\rms.c(400): warning:  #188-D: enumerated type mixed with another type
  		energy_t energy_IDX=0;
..\Core\Core\rms.c(406): warning:  #188-D: enumerated type mixed with another type
  	for(phase=0; phase<TL_NO_PHASE;phase++)
..\Core\Core\rms.c(468): warning:  #188-D: enumerated type mixed with another type
  	for(energy_IDX=0;energy_IDX<TL_PARA_ENERGY;energy_IDX++)
..\Core\Core\rms.c(401): warning:  #177-D: variable "_energy"  was declared but never referenced
  	 float _energy[TL_PARA_POWER][TL_NO_PHASE]={0};
..\Core\Core\rms.c(403): warning:  #177-D: variable "_total_energy"  was declared but never referenced
  	 float _total_energy[TL_PARA_POWER]={0};
..\Core\Core\rms.c(524): warning:  #188-D: enumerated type mixed with another type
  	for(phase=0; phase<TL_NO_PHASE;phase++)
..\Core\Core\rms.c(596): warning:  #111-D: statement is unreachable
  		break;
..\Core\Core\rms.c(25): warning:  #177-D: function "processFrequencyCalculations"  was declared but never referenced
  static inline void processFrequencyCalculations(int32_t currSample);
..\Core\Core\rms.c(142): warning:  #177-D: function "phasereversal"  was declared but never referenced
  static void phasereversal(int32_t sample[])
..\Core\Core\rms.c: 13 warnings, 0 errors
compiling stm32g0xx_it.c...
compiling stm32g0xx_hal_gpio.c...
compiling stm32g0xx_hal_msp.c...
compiling stm32g0xx_ll_adc.c...
compiling stm32g0xx_hal_adc_ex.c...
compiling stm32g0xx_hal_adc.c...
compiling stm32g0xx_hal_i2c.c...
compiling stm32g0xx_hal_i2c_ex.c...
compiling stm32g0xx_hal_rtc.c...
compiling stm32g0xx_hal_rtc_ex.c...
compiling stm32g0xx_hal_tim_ex.c...
compiling stm32g0xx_hal_uart.c...
compiling stm32g0xx_hal_tim.c...
compiling stm32g0xx_hal_uart_ex.c...
compiling stm32g0xx_ll_rcc.c...
compiling stm32g0xx_hal_rcc_ex.c...
compiling stm32g0xx_hal_rcc.c...
compiling stm32g0xx_hal_flash.c...
compiling stm32g0xx_hal_flash_ex.c...
compiling stm32g0xx_hal_dma.c...
compiling stm32g0xx_hal_pwr_ex.c...
compiling stm32g0xx_hal_dma_ex.c...
compiling stm32g0xx_hal_pwr.c...
compiling stm32g0xx_hal.c...
compiling stm32g0xx_hal_cortex.c...
compiling stm32g0xx_hal_exti.c...
compiling system_stm32g0xx.c...
linking...
Program Size: Code=21020 RO-data=312 RW-data=60 ZI-data=2988  
FromELF: creating hex file...
"MPR\MPR.axf" - 0 Error(s), 20 Warning(s).

<h2>Software Packages used:</h2>

Package Vendor: ARM
                http://www.keil.com/pack/ARM.CMSIS.5.8.0.pack
                ARM.CMSIS.5.8.0
                CMSIS (Common Microcontroller Software Interface Standard)
   * Component: CORE Version: 5.5.0

Package Vendor: Keil
                http://www.keil.com/pack/Keil.STM32G0xx_DFP.1.3.0.pack
                Keil.STM32G0xx_DFP.1.3.0
                STMicroelectronics STM32G0 Series Device Support

<h2>Collection of Component include folders:</h2>
  .\RTE\_MPR
  C:\Users\EmbedOs\AppData\Local\Arm\Packs\ARM\CMSIS\5.8.0\CMSIS\Core\Include
  C:\Users\EmbedOs\AppData\Local\Arm\Packs\Keil\STM32G0xx_DFP\1.3.0\Drivers\CMSIS\Device\ST\STM32G0xx\Include

<h2>Collection of Component Files used:</h2>

   * Component: ARM::CMSIS:CORE:5.5.0
Build Time Elapsed:  00:00:26
</pre>
</body>
</html>
